Archive member included to satisfy reference by file (symbol)

/opt/homebrew/Cellar/arm-none-eabi-gcc/10.3-2021.07/gcc/bin/../lib/gcc/arm-none-eabi/10.3.1/../../../../arm-none-eabi/lib/thumb/v7e-m+dp/hard/libc_nano.a(lib_a-atoi.o)
                              build/netif.o (atoi)
/opt/homebrew/Cellar/arm-none-eabi-gcc/10.3-2021.07/gcc/bin/../lib/gcc/arm-none-eabi/10.3.1/../../../../arm-none-eabi/lib/thumb/v7e-m+dp/hard/libc_nano.a(lib_a-ctype_.o)
                              build/ip4_addr.o (_ctype_)
/opt/homebrew/Cellar/arm-none-eabi-gcc/10.3-2021.07/gcc/bin/../lib/gcc/arm-none-eabi/10.3.1/../../../../arm-none-eabi/lib/thumb/v7e-m+dp/hard/libc_nano.a(lib_a-exit.o)
                              /opt/homebrew/Cellar/arm-none-eabi-gcc/10.3-2021.07/gcc/bin/../lib/gcc/arm-none-eabi/10.3.1/../../../../arm-none-eabi/lib/thumb/v7e-m+dp/hard/crt0.o (exit)
/opt/homebrew/Cellar/arm-none-eabi-gcc/10.3-2021.07/gcc/bin/../lib/gcc/arm-none-eabi/10.3.1/../../../../arm-none-eabi/lib/thumb/v7e-m+dp/hard/libc_nano.a(lib_a-impure.o)
                              /opt/homebrew/Cellar/arm-none-eabi-gcc/10.3-2021.07/gcc/bin/../lib/gcc/arm-none-eabi/10.3.1/../../../../arm-none-eabi/lib/thumb/v7e-m+dp/hard/libc_nano.a(lib_a-exit.o) (_global_impure_ptr)
/opt/homebrew/Cellar/arm-none-eabi-gcc/10.3-2021.07/gcc/bin/../lib/gcc/arm-none-eabi/10.3.1/../../../../arm-none-eabi/lib/thumb/v7e-m+dp/hard/libc_nano.a(lib_a-init.o)
                              /opt/homebrew/Cellar/arm-none-eabi-gcc/10.3-2021.07/gcc/bin/../lib/gcc/arm-none-eabi/10.3.1/../../../../arm-none-eabi/lib/thumb/v7e-m+dp/hard/crt0.o (__libc_init_array)
/opt/homebrew/Cellar/arm-none-eabi-gcc/10.3-2021.07/gcc/bin/../lib/gcc/arm-none-eabi/10.3.1/../../../../arm-none-eabi/lib/thumb/v7e-m+dp/hard/libc_nano.a(lib_a-memcmp.o)
                              build/bridgeif_fdb.o (memcmp)
/opt/homebrew/Cellar/arm-none-eabi-gcc/10.3-2021.07/gcc/bin/../lib/gcc/arm-none-eabi/10.3.1/../../../../arm-none-eabi/lib/thumb/v7e-m+dp/hard/libc_nano.a(lib_a-memcpy-stub.o)
                              build/tcp_out.o (memcpy)
/opt/homebrew/Cellar/arm-none-eabi-gcc/10.3-2021.07/gcc/bin/../lib/gcc/arm-none-eabi/10.3.1/../../../../arm-none-eabi/lib/thumb/v7e-m+dp/hard/libc_nano.a(lib_a-memmove.o)
                              build/def.o (memmove)
/opt/homebrew/Cellar/arm-none-eabi-gcc/10.3-2021.07/gcc/bin/../lib/gcc/arm-none-eabi/10.3.1/../../../../arm-none-eabi/lib/thumb/v7e-m+dp/hard/libc_nano.a(lib_a-memset.o)
                              /opt/homebrew/Cellar/arm-none-eabi-gcc/10.3-2021.07/gcc/bin/../lib/gcc/arm-none-eabi/10.3.1/../../../../arm-none-eabi/lib/thumb/v7e-m+dp/hard/crt0.o (memset)
/opt/homebrew/Cellar/arm-none-eabi-gcc/10.3-2021.07/gcc/bin/../lib/gcc/arm-none-eabi/10.3.1/../../../../arm-none-eabi/lib/thumb/v7e-m+dp/hard/libc_nano.a(lib_a-printf.o)
                              build/ethernetif.o (printf)
/opt/homebrew/Cellar/arm-none-eabi-gcc/10.3-2021.07/gcc/bin/../lib/gcc/arm-none-eabi/10.3.1/../../../../arm-none-eabi/lib/thumb/v7e-m+dp/hard/libc_nano.a(lib_a-rand.o)
                              build/udp.o (rand)
/opt/homebrew/Cellar/arm-none-eabi-gcc/10.3-2021.07/gcc/bin/../lib/gcc/arm-none-eabi/10.3.1/../../../../arm-none-eabi/lib/thumb/v7e-m+dp/hard/libc_nano.a(lib_a-sprintf.o)
                              build/lwip_tcp_server.o (sprintf)
/opt/homebrew/Cellar/arm-none-eabi-gcc/10.3-2021.07/gcc/bin/../lib/gcc/arm-none-eabi/10.3.1/../../../../arm-none-eabi/lib/thumb/v7e-m+dp/hard/libc_nano.a(lib_a-strcat.o)
                              build/lwip_tcp_server.o (strcat)
/opt/homebrew/Cellar/arm-none-eabi-gcc/10.3-2021.07/gcc/bin/../lib/gcc/arm-none-eabi/10.3.1/../../../../arm-none-eabi/lib/thumb/v7e-m+dp/hard/libc_nano.a(lib_a-strlen.o)
                              build/def.o (strlen)
/opt/homebrew/Cellar/arm-none-eabi-gcc/10.3-2021.07/gcc/bin/../lib/gcc/arm-none-eabi/10.3.1/../../../../arm-none-eabi/lib/thumb/v7e-m+dp/hard/libc_nano.a(lib_a-strncmp.o)
                              build/def.o (strncmp)
/opt/homebrew/Cellar/arm-none-eabi-gcc/10.3-2021.07/gcc/bin/../lib/gcc/arm-none-eabi/10.3.1/../../../../arm-none-eabi/lib/thumb/v7e-m+dp/hard/libc_nano.a(lib_a-strncpy.o)
                              build/lwip_tcp_server.o (strncpy)
/opt/homebrew/Cellar/arm-none-eabi-gcc/10.3-2021.07/gcc/bin/../lib/gcc/arm-none-eabi/10.3.1/../../../../arm-none-eabi/lib/thumb/v7e-m+dp/hard/libc_nano.a(lib_a-strtol.o)
                              /opt/homebrew/Cellar/arm-none-eabi-gcc/10.3-2021.07/gcc/bin/../lib/gcc/arm-none-eabi/10.3.1/../../../../arm-none-eabi/lib/thumb/v7e-m+dp/hard/libc_nano.a(lib_a-atoi.o) (_strtol_r)
/opt/homebrew/Cellar/arm-none-eabi-gcc/10.3-2021.07/gcc/bin/../lib/gcc/arm-none-eabi/10.3.1/../../../../arm-none-eabi/lib/thumb/v7e-m+dp/hard/libc_nano.a(lib_a-assert.o)
[...]
Memory Configuration

Name             Origin             Length             Attributes
RAM              0x0000000020000000 0x0000000000080000 xrw
FLASH            0x0000000008000000 0x0000000000200000 xr
*default*        0x0000000000000000 0xffffffffffffffff

Linker script and memory map

LOAD /opt/homebrew/Cellar/arm-none-eabi-gcc/10.3-2021.07/gcc/bin/../lib/gcc/arm-none-eabi/10.3.1/thumb/v7e-m+dp/hard/crti.o
LOAD /opt/homebrew/Cellar/arm-none-eabi-gcc/10.3-2021.07/gcc/bin/../lib/gcc/arm-none-eabi/10.3.1/thumb/v7e-m+dp/hard/crtbegin.o
LOAD /opt/homebrew/Cellar/arm-none-eabi-gcc/10.3-2021.07/gcc/bin/../lib/gcc/arm-none-eabi/10.3.1/../../../../arm-none-eabi/lib/thumb/v7e-m+dp/hard/crt0.o
LOAD build/main.o
LOAD build/stm32f7xx_it.o
LOAD build/stm32f7xx_hal_msp.o
LOAD build/stm32f7xx_hal_cortex.o
LOAD build/stm32f7xx_hal_tim.o
LOAD build/stm32f7xx_hal_tim_ex.o
LOAD build/stm32f7xx_hal_rcc.o
LOAD build/stm32f7xx_hal_rcc_ex.o
LOAD build/stm32f7xx_hal_flash.o
LOAD build/stm32f7xx_hal_flash_ex.o
LOAD build/stm32f7xx_hal_gpio.o
LOAD build/stm32f7xx_hal_dma.o
LOAD build/stm32f7xx_hal_dma_ex.o
LOAD build/stm32f7xx_hal_pwr.o
LOAD build/stm32f7xx_hal_pwr_ex.o
LOAD build/stm32f7xx_hal.o
LOAD build/stm32f7xx_hal_i2c.o
LOAD build/stm32f7xx_hal_i2c_ex.o
LOAD build/stm32f7xx_hal_exti.o
LOAD build/system_stm32f7xx.o
LOAD build/lwip.o
LOAD build/ethernetif.o
LOAD build/lan8742.o
LOAD build/stm32f7xx_hal_eth.o
LOAD build/auth.o
LOAD build/ccp.o
LOAD build/chap_ms.o
LOAD build/chap-md5.o
LOAD build/chap-new.o
LOAD build/demand.o
LOAD build/eap.o
LOAD build/eui64.o
LOAD build/fsm.o
LOAD build/ipcp.o
LOAD build/ipv6cp.o
LOAD build/lcp.o
LOAD build/magic.o
LOAD build/mppe.o
LOAD build/multilink.o
LOAD build/ppp.o
LOAD build/pppapi.o
LOAD build/pppcrypt.o
LOAD build/pppoe.o
LOAD build/pppol2tp.o
LOAD build/pppos.o
LOAD build/upap.o
LOAD build/utils.o
LOAD build/vj.o
LOAD build/bridgeif.o
LOAD build/bridgeif_fdb.o
LOAD build/ethernet.o
LOAD build/lowpan6.o
LOAD build/lowpan6_ble.o
LOAD build/lowpan6_common.o
LOAD build/slipif.o
LOAD build/zepif.o
LOAD build/ecp.o
LOAD build/sockets.o
LOAD build/if_api.o
LOAD build/netdb.o
LOAD build/tcpip.o
LOAD build/err.o
LOAD build/netifapi.o
LOAD build/api_lib.o
LOAD build/api_msg.o
LOAD build/netbuf.o
LOAD build/memp.o
LOAD build/sys.o
LOAD build/inet_chksum.o
LOAD build/raw.o
LOAD build/tcp_out.o
LOAD build/ip.o
LOAD build/dns.o
LOAD build/init.o
LOAD build/mem.o
LOAD build/altcp_alloc.o
LOAD build/def.o
LOAD build/udp.o
LOAD build/stats.o
LOAD build/tcp_in.o
LOAD build/netif.o
LOAD build/altcp_tcp.o
LOAD build/tcp.o
LOAD build/pbuf.o
LOAD build/timeouts.o
LOAD build/altcp.o
LOAD build/autoip.o
LOAD build/dhcp.o
LOAD build/igmp.o
LOAD build/etharp.o
LOAD build/icmp.o
LOAD build/ip4.o
LOAD build/ip4_frag.o
LOAD build/ip4_addr.o
LOAD build/ip6.o
LOAD build/icmp6.o
LOAD build/mld6.o
LOAD build/dhcp6.o
LOAD build/ethip6.o
LOAD build/nd6.o
LOAD build/inet6.o
LOAD build/ip6_addr.o
LOAD build/ip6_frag.o
LOAD build/mqtt.o
LOAD build/lwip_tcp_server.o
LOAD build/startup_stm32f767xx.o
LOAD /opt/homebrew/Cellar/arm-none-eabi-gcc/10.3-2021.07/gcc/bin/../lib/gcc/arm-none-eabi/10.3.1/../../../../arm-none-eabi/lib/thumb/v7e-m+dp/hard/libc_nano.a
LOAD /opt/homebrew/Cellar/arm-none-eabi-gcc/10.3-2021.07/gcc/bin/../lib/gcc/arm-none-eabi/10.3.1/../../../../arm-none-eabi/lib/thumb/v7e-m+dp/hard/libm.a
LOAD /opt/homebrew/Cellar/arm-none-eabi-gcc/10.3-2021.07/gcc/bin/../lib/gcc/arm-none-eabi/10.3.1/../../../../arm-none-eabi/lib/thumb/v7e-m+dp/hard/libnosys.a
START GROUP
LOAD /opt/homebrew/Cellar/arm-none-eabi-gcc/10.3-2021.07/gcc/bin/../lib/gcc/arm-none-eabi/10.3.1/thumb/v7e-m+dp/hard/libgcc.a
LOAD /opt/homebrew/Cellar/arm-none-eabi-gcc/10.3-2021.07/gcc/bin/../lib/gcc/arm-none-eabi/10.3.1/../../../../arm-none-eabi/lib/thumb/v7e-m+dp/hard/libc_nano.a
END GROUP
START GROUP
LOAD /opt/homebrew/Cellar/arm-none-eabi-gcc/10.3-2021.07/gcc/bin/../lib/gcc/arm-none-eabi/10.3.1/thumb/v7e-m+dp/hard/libgcc.a
LOAD /opt/homebrew/Cellar/arm-none-eabi-gcc/10.3-2021.07/gcc/bin/../lib/gcc/arm-none-eabi/10.3.1/../../../../arm-none-eabi/lib/thumb/v7e-m+dp/hard/libc_nano.a
END GROUP
LOAD /opt/homebrew/Cellar/arm-none-eabi-gcc/10.3-2021.07/gcc/bin/../lib/gcc/arm-none-eabi/10.3.1/thumb/v7e-m+dp/hard/crtend.o
LOAD /opt/homebrew/Cellar/arm-none-eabi-gcc/10.3-2021.07/gcc/bin/../lib/gcc/arm-none-eabi/10.3.1/thumb/v7e-m+dp/hard/crtn.o
                0x0000000020080000                _estack = (ORIGIN (RAM) + LENGTH (RAM))
                0x0000000000000200                _Min_Heap_Size = 0x200
                0x0000000000000400                _Min_Stack_Size = 0x400

.isr_vector     0x0000000008000000      0x1f8
                0x0000000008000000                . = ALIGN (0x4)
 *(.isr_vector)
 .isr_vector    0x0000000008000000      0x1f8 build/startup_stm32f767xx.o
                0x0000000008000000                g_pfnVectors
                0x00000000080001f8                . = ALIGN (0x4)

.text           0x0000000008000200     0xafc0
                0x0000000008000200                . = ALIGN (0x4)
 *(.text)
 .text          0x0000000008000200       0x40 /opt/homebrew/Cellar/arm-none-eabi-gcc/10.3-2021.07/gcc/bin/../lib/gcc/arm-none-eabi/10.3.1/thumb/v7e-m+dp/hard/crtbegin.o
 .text          0x0000000008000240       0x10 /opt/homebrew/Cellar/arm-none-eabi-gcc/10.3-2021.07/gcc/bin/../lib/gcc/arm-none-eabi/10.3.1/../../../../arm-none-eabi/lib/thumb/v7e-m+dp/hard/libc_nano.a(lib_a-strlen.o)
                0x0000000008000240                strlen
 .text          0x0000000008000250       0xa0 /opt/homebrew/Cellar/arm-none-eabi-gcc/10.3-2021.07/gcc/bin/../lib/gcc/arm-none-eabi/10.3.1/../../../../arm-none-eabi/lib/thumb/v7e-m+dp/hard/libc_nano.a(lib_a-memchr.o)
                0x0000000008000250                memchr
 .text          0x00000000080002f0       0x30 /opt/homebrew/Cellar/arm-none-eabi-gcc/10.3-2021.07/gcc/bin/../lib/gcc/arm-none-eabi/10.3.1/thumb/v7e-m+dp/hard/libgcc.a(_aeabi_uldivmod.o)
                0x00000000080002f0                __aeabi_uldivmod
 .text          0x0000000008000320      0x2d0 /opt/homebrew/Cellar/arm-none-eabi-gcc/10.3-2021.07/gcc/bin/../lib/gcc/arm-none-eabi/10.3.1/thumb/v7e-m+dp/hard/libgcc.a(_udivmoddi4.o)
                0x0000000008000320                __udivmoddi4
 .text          0x00000000080005f0        0x4 /opt/homebrew/Cellar/arm-none-eabi-gcc/10.3-2021.07/gcc/bin/../lib/gcc/arm-none-eabi/10.3.1/thumb/v7e-m+dp/hard/libgcc.a(_dvmd_tls.o)
                0x00000000080005f0                __aeabi_ldiv0
                0x00000000080005f0                __aeabi_idiv0
 *(.text*)
 .text.MX_GPIO_Init
                0x00000000080005f4      0x154 build/main.o
 .text.Error_Handler
                0x0000000008000748        0x4 build/main.o
                0x0000000008000748                Error_Handler
 .text.SystemClock_Config
                0x000000000800074c       0xb0 build/main.o
                0x000000000800074c                SystemClock_Config
 .text.main     0x00000000080007fc       0x34 build/main.o
                0x00000000080007fc                main
 .text.NMI_Handler
                0x0000000008000830        0x2 build/stm32f7xx_it.o
                0x0000000008000830                NMI_Handler
 .text.HardFault_Handler
                0x0000000008000832        0x2 build/stm32f7xx_it.o
                0x0000000008000832                HardFault_Handler
 .text.MemManage_Handler
                0x0000000008000834        0x2 build/stm32f7xx_it.o
                0x0000000008000834                MemManage_Handler
 .text.BusFault_Handler
                0x0000000008000836        0x2 build/stm32f7xx_it.o
                0x0000000008000836                BusFault_Handler
 .text.UsageFault_Handler
                0x0000000008000838        0x2 build/stm32f7xx_it.o
                0x0000000008000838                UsageFault_Handler
 .text.SVC_Handler
                0x000000000800083a        0x2 build/stm32f7xx_it.o
                0x000000000800083a                SVC_Handler
 .text.DebugMon_Handler
                0x000000000800083c        0x2 build/stm32f7xx_it.o
                0x000000000800083c                DebugMon_Handler
 .text.PendSV_Handler
                0x000000000800083e        0x2 build/stm32f7xx_it.o
                0x000000000800083e                PendSV_Handler
 .text.SysTick_Handler
                0x0000000008000840        0x8 build/stm32f7xx_it.o
                0x0000000008000840                SysTick_Handler
 .text.HAL_MspInit
                0x0000000008000848       0x30 build/stm32f7xx_hal_msp.o
                0x0000000008000848                HAL_MspInit
 .text.HAL_NVIC_SetPriorityGrouping
                0x0000000008000878       0x24 build/stm32f7xx_hal_cortex.o
                0x0000000008000878                HAL_NVIC_SetPriorityGrouping
 .text.HAL_NVIC_SetPriority
                0x000000000800089c       0x6c build/stm32f7xx_hal_cortex.o
                0x000000000800089c                HAL_NVIC_SetPriority
 .text.HAL_SYSTICK_Config
                0x0000000008000908       0x28 build/stm32f7xx_hal_cortex.o
                0x0000000008000908                HAL_SYSTICK_Config
 .text.HAL_RCC_OscConfig
                0x0000000008000930      0x444 build/stm32f7xx_hal_rcc.o
                0x0000000008000930                HAL_RCC_OscConfig
 .text.HAL_RCC_GetSysClockFreq
                0x0000000008000d74       0xd4 build/stm32f7xx_hal_rcc.o
                0x0000000008000d74                HAL_RCC_GetSysClockFreq
 .text.HAL_RCC_ClockConfig
                0x0000000008000e48      0x16c build/stm32f7xx_hal_rcc.o
                0x0000000008000e48                HAL_RCC_ClockConfig
 .text.HAL_RCC_GetHCLKFreq
                0x0000000008000fb4        0xc build/stm32f7xx_hal_rcc.o
                0x0000000008000fb4                HAL_RCC_GetHCLKFreq
 .text.HAL_GPIO_Init
                0x0000000008000fc0      0x1f8 build/stm32f7xx_hal_gpio.o
                0x0000000008000fc0                HAL_GPIO_Init
 .text.HAL_GPIO_WritePin
                0x00000000080011b8        0xc build/stm32f7xx_hal_gpio.o
                0x00000000080011b8                HAL_GPIO_WritePin
 .text.HAL_PWREx_EnableOverDrive
                0x00000000080011c4       0x7c build/stm32f7xx_hal_pwr_ex.o
                0x00000000080011c4                HAL_PWREx_EnableOverDrive
 .text.HAL_InitTick
                0x0000000008001240       0x4c build/stm32f7xx_hal.o
                0x0000000008001240                HAL_InitTick
 .text.HAL_Init
                0x000000000800128c       0x16 build/stm32f7xx_hal.o
                0x000000000800128c                HAL_Init
 *fill*         0x00000000080012a2        0x2 
 .text.HAL_IncTick
                0x00000000080012a4       0x18 build/stm32f7xx_hal.o
                0x00000000080012a4                HAL_IncTick
 .text.HAL_GetTick
                0x00000000080012bc        0xc build/stm32f7xx_hal.o
                0x00000000080012bc                HAL_GetTick
 .text.HAL_Delay
                0x00000000080012c8       0x28 build/stm32f7xx_hal.o
                0x00000000080012c8                HAL_Delay
 .text.SystemInit
                0x00000000080012f0       0x14 build/system_stm32f7xx.o
                0x00000000080012f0                SystemInit
 .text.ethernet_link_status_updated
                0x0000000008001304        0x2 build/lwip.o
 *fill*         0x0000000008001306        0x2 
 .text.MX_LWIP_Init
                0x0000000008001308      0x124 build/lwip.o
                0x0000000008001308                MX_LWIP_Init
 .text.ETH_PHY_IO_DeInit
                0x000000000800142c        0x4 build/ethernetif.o
                0x000000000800142c                ETH_PHY_IO_DeInit
 .text.low_level_input
                0x0000000008001430       0x28 build/ethernetif.o
 .text.low_level_output
                0x0000000008001458       0x9c build/ethernetif.o
 .text.pbuf_free_custom
                0x00000000080014f4       0x24 build/ethernetif.o
                0x00000000080014f4                pbuf_free_custom
 .text.ETH_PHY_IO_GetTick
                0x0000000008001518        0x8 build/ethernetif.o
                0x0000000008001518                ETH_PHY_IO_GetTick
 .text.ETH_PHY_IO_Init
                0x0000000008001520       0x10 build/ethernetif.o
                0x0000000008001520                ETH_PHY_IO_Init
 .text.ETH_PHY_IO_ReadReg
                0x0000000008001530       0x1c build/ethernetif.o
                0x0000000008001530                ETH_PHY_IO_ReadReg
 .text.ETH_PHY_IO_WriteReg
                0x000000000800154c       0x1c build/ethernetif.o
                0x000000000800154c                ETH_PHY_IO_WriteReg
 .text.sys_now  0x0000000008001568        0x8 build/ethernetif.o
                0x0000000008001568                sys_now
 .text.HAL_ETH_MspInit
                0x0000000008001570      0x110 build/ethernetif.o
                0x0000000008001570                HAL_ETH_MspInit
 .text.ethernet_link_check_state
                0x0000000008001680       0xb8 build/ethernetif.o
                0x0000000008001680                ethernet_link_check_state
 .text.low_level_init
                0x0000000008001738       0xf0 build/ethernetif.o
 .text.ethernetif_init
                0x0000000008001828       0x48 build/ethernetif.o
                0x0000000008001828                ethernetif_init
 .text.HAL_ETH_RxAllocateCallback
                0x0000000008001870       0x4c build/ethernetif.o
                0x0000000008001870                HAL_ETH_RxAllocateCallback
 .text.HAL_ETH_RxLinkCallback
                0x00000000080018bc       0x58 build/ethernetif.o
                0x00000000080018bc                HAL_ETH_RxLinkCallback
 .text.Ethernetif_Input
                0x0000000008001914       0x1e build/ethernetif.o
                0x0000000008001914                Ethernetif_Input
 .text.LAN8742_RegisterBusIO
                0x0000000008001932       0x3e build/lan8742.o
                0x0000000008001932                LAN8742_RegisterBusIO
 .text.LAN8742_Init
                0x0000000008001970       0xce build/lan8742.o
                0x0000000008001970                LAN8742_Init
 .text.LAN8742_GetLinkState
                0x0000000008001a3e       0xc2 build/lan8742.o
                0x0000000008001a3e                LAN8742_GetLinkState
 .text.ETH_UpdateDescriptor
                0x0000000008001b00       0xa0 build/stm32f7xx_hal_eth.o
 .text.ETH_MACAddressConfig
                0x0000000008001ba0       0x30 build/stm32f7xx_hal_eth.o
 .text.ETH_DMATxDescListInit
                0x0000000008001bd0       0x6e build/stm32f7xx_hal_eth.o
 .text.ETH_DMARxDescListInit
                0x0000000008001c3e       0x84 build/stm32f7xx_hal_eth.o
 *fill*         0x0000000008001cc2        0x2 
 .text.ETH_Prepare_Tx_Descriptors
                0x0000000008001cc4      0x178 build/stm32f7xx_hal_eth.o
 .text.ETH_SetMACConfig
                0x0000000008001e3c       0xfc build/stm32f7xx_hal_eth.o
 .text.ETH_SetDMAConfig
                0x0000000008001f38       0xc0 build/stm32f7xx_hal_eth.o
 .text.ETH_MACDMAConfig
                0x0000000008001ff8       0xa2 build/stm32f7xx_hal_eth.o
 .text.ETH_FlushTransmitFIFO
                0x000000000800209a       0x36 build/stm32f7xx_hal_eth.o
 .text.HAL_ETH_Init
                0x00000000080020d0       0xbc build/stm32f7xx_hal_eth.o
                0x00000000080020d0                HAL_ETH_Init
 .text.HAL_ETH_Start
                0x000000000800218c       0x78 build/stm32f7xx_hal_eth.o
                0x000000000800218c                HAL_ETH_Start
 .text.HAL_ETH_Stop
                0x0000000008002204       0x70 build/stm32f7xx_hal_eth.o
                0x0000000008002204                HAL_ETH_Stop
 .text.HAL_ETH_Transmit
                0x0000000008002274       0xca build/stm32f7xx_hal_eth.o
                0x0000000008002274                HAL_ETH_Transmit
 .text.HAL_ETH_ReadData
                0x000000000800233e       0xfe build/stm32f7xx_hal_eth.o
                0x000000000800233e                HAL_ETH_ReadData
 .text.HAL_ETH_ReadPHYRegister
                0x000000000800243c       0x52 build/stm32f7xx_hal_eth.o
                0x000000000800243c                HAL_ETH_ReadPHYRegister
 .text.HAL_ETH_WritePHYRegister
                0x000000000800248e       0x4e build/stm32f7xx_hal_eth.o
                0x000000000800248e                HAL_ETH_WritePHYRegister
 .text.HAL_ETH_GetMACConfig
                0x00000000080024dc       0xf2 build/stm32f7xx_hal_eth.o
                0x00000000080024dc                HAL_ETH_GetMACConfig
 .text.HAL_ETH_SetMACConfig
                0x00000000080025ce       0x1c build/stm32f7xx_hal_eth.o
                0x00000000080025ce                HAL_ETH_SetMACConfig
 *fill*         0x00000000080025ea        0x2 
 .text.HAL_ETH_SetMDIOClockRange
                0x00000000080025ec       0x74 build/stm32f7xx_hal_eth.o
                0x00000000080025ec                HAL_ETH_SetMDIOClockRange
 .text.ethernet_input
                0x0000000008002660       0xa8 build/ethernet.o
                0x0000000008002660                ethernet_input
 .text.ethernet_output
                0x0000000008002708       0x70 build/ethernet.o
                0x0000000008002708                ethernet_output
 .text.do_memp_malloc_pool
                0x0000000008002778       0x34 build/memp.o
 .text.do_memp_free_pool
                0x00000000080027ac       0x34 build/memp.o
 .text.memp_init_pool
                0x00000000080027e0       0x28 build/memp.o
                0x00000000080027e0                memp_init_pool
 .text.memp_init
                0x0000000008002808       0x20 build/memp.o
                0x0000000008002808                memp_init
 .text.memp_malloc_pool
                0x0000000008002828       0x30 build/memp.o
                0x0000000008002828                memp_malloc_pool
 .text.memp_malloc
                0x0000000008002858       0x34 build/memp.o
                0x0000000008002858                memp_malloc
 .text.memp_free_pool
                0x000000000800288c       0x38 build/memp.o
                0x000000000800288c                memp_free_pool
 .text.memp_free
                0x00000000080028c4       0x34 build/memp.o
                0x00000000080028c4                memp_free
 .text.tcp_write_checks
                0x00000000080028f8       0xbc build/tcp_out.o
 .text.tcp_output_segment_busy
                0x00000000080029b4       0x34 build/tcp_out.o
 .text.tcp_output_fill_options
                0x00000000080029e8       0x4c build/tcp_out.o
 .text.tcp_pbuf_prealloc
                0x0000000008002a34       0xbc build/tcp_out.o
 .text.tcp_create_segment
                0x0000000008002af0       0xe8 build/tcp_out.o
 .text.tcp_output_alloc_header_common
                0x0000000008002bd8       0x98 build/tcp_out.o
 .text.tcp_output_alloc_header
                0x0000000008002c70       0x54 build/tcp_out.o
 .text.tcp_route
                0x0000000008002cc4       0x16 build/tcp_out.o
 *fill*         0x0000000008002cda        0x2 
 .text.tcp_output_segment
                0x0000000008002cdc      0x13c build/tcp_out.o
 .text.tcp_output_control_segment
                0x0000000008002e18       0x6c build/tcp_out.o
 .text.tcp_write
                0x0000000008002e84      0x56c build/tcp_out.o
                0x0000000008002e84                tcp_write
 .text.tcp_split_unsent_seg
                0x00000000080033f0      0x1b8 build/tcp_out.o
                0x00000000080033f0                tcp_split_unsent_seg
 .text.tcp_enqueue_flags
                0x00000000080035a8      0x160 build/tcp_out.o
                0x00000000080035a8                tcp_enqueue_flags
 .text.tcp_send_fin
                0x0000000008003708       0x64 build/tcp_out.o
                0x0000000008003708                tcp_send_fin
 .text.tcp_rexmit_rto_prepare
                0x000000000800376c       0x94 build/tcp_out.o
                0x000000000800376c                tcp_rexmit_rto_prepare
 .text.tcp_rexmit
                0x0000000008003800       0x88 build/tcp_out.o
                0x0000000008003800                tcp_rexmit
 .text.tcp_rexmit_fast
                0x0000000008003888       0x78 build/tcp_out.o
                0x0000000008003888                tcp_rexmit_fast
 .text.tcp_rst  0x0000000008003900       0x90 build/tcp_out.o
                0x0000000008003900                tcp_rst
 .text.tcp_send_empty_ack
                0x0000000008003990       0x74 build/tcp_out.o
                0x0000000008003990                tcp_send_empty_ack
 .text.tcp_output
                0x0000000008003a04      0x2ac build/tcp_out.o
                0x0000000008003a04                tcp_output
 .text.tcp_rexmit_rto_commit
                0x0000000008003cb0       0x38 build/tcp_out.o
                0x0000000008003cb0                tcp_rexmit_rto_commit
 .text.tcp_rexmit_rto
                0x0000000008003ce8       0x34 build/tcp_out.o
                0x0000000008003ce8                tcp_rexmit_rto
 .text.tcp_keepalive
                0x0000000008003d1c       0x5c build/tcp_out.o
                0x0000000008003d1c                tcp_keepalive
 .text.tcp_zero_window_probe
                0x0000000008003d78       0xdc build/tcp_out.o
                0x0000000008003d78                tcp_zero_window_probe
 .text.lwip_init
                0x0000000008003e54       0x1c build/init.o
                0x0000000008003e54                lwip_init
 .text.ptr_to_mem
                0x0000000008003e70        0xc build/mem.o
 .text.mem_to_ptr
                0x0000000008003e7c       0x10 build/mem.o
 .text.mem_link_valid
                0x0000000008003e8c       0x5c build/mem.o
 .text.plug_holes
                0x0000000008003ee8      0x100 build/mem.o
 .text.mem_init
                0x0000000008003fe8       0x40 build/mem.o
                0x0000000008003fe8                mem_init
 .text.mem_free
                0x0000000008004028       0xb4 build/mem.o
                0x0000000008004028                mem_free
 .text.mem_trim
                0x00000000080040dc      0x184 build/mem.o
                0x00000000080040dc                mem_trim
 .text.mem_malloc
                0x0000000008004260      0x170 build/mem.o
                0x0000000008004260                mem_malloc
 .text.lwip_htons
                0x00000000080043d0        0xa build/def.o
                0x00000000080043d0                lwip_htons
 .text.lwip_htonl
                0x00000000080043da       0x18 build/def.o
                0x00000000080043da                lwip_htonl
 *fill*         0x00000000080043f2        0x2 
 .text.udp_input_local_match
                0x00000000080043f4       0xa0 build/udp.o
 .text.udp_init
                0x0000000008004494       0x18 build/udp.o
                0x0000000008004494                udp_init
 .text.udp_input
                0x00000000080044ac      0x184 build/udp.o
                0x00000000080044ac                udp_input
 .text.udp_netif_ip_addr_changed
                0x0000000008004630       0x38 build/udp.o
                0x0000000008004630                udp_netif_ip_addr_changed
 .text.tcp_get_next_optbyte
                0x0000000008004668       0x3c build/tcp_in.o
 .text.tcp_parseopt
                0x00000000080046a4       0xa4 build/tcp_in.o
 .text.tcp_input_delayed_close
                0x0000000008004748       0x60 build/tcp_in.o
 .text.tcp_timewait_input
                0x00000000080047a8       0xb8 build/tcp_in.o
 .text.tcp_listen_input
                0x0000000008004860      0x150 build/tcp_in.o
 .text.tcp_free_acked_segments
                0x00000000080049b0       0xc0 build/tcp_in.o
 .text.tcp_oos_insert_segment
                0x0000000008004a70       0xa8 build/tcp_in.o
 .text.tcp_receive
                0x0000000008004b18      0x948 build/tcp_in.o
 .text.tcp_process
                0x0000000008005460      0x584 build/tcp_in.o
 .text.tcp_input
                0x00000000080059e4      0x5a0 build/tcp_in.o
                0x00000000080059e4                tcp_input
 .text.tcp_trigger_input_pcb_close
                0x0000000008005f84       0x10 build/tcp_in.o
                0x0000000008005f84                tcp_trigger_input_pcb_close
 .text.netif_do_set_netmask
                0x0000000008005f94       0x18 build/netif.o
 .text.netif_do_set_gw
                0x0000000008005fac       0x18 build/netif.o
 .text.netif_null_output_ip4
                0x0000000008005fc4        0x6 build/netif.o
 .text.netif_do_ip_addr_changed
                0x0000000008005fca       0x14 build/netif.o
 *fill*         0x0000000008005fde        0x2 
 .text.netif_issue_reports
                0x0000000008005fe0       0x4c build/netif.o
 .text.netif_do_set_ipaddr
                0x000000000800602c       0x6c build/netif.o
 .text.netif_init
                0x0000000008006098        0x2 build/netif.o
                0x0000000008006098                netif_init
 *fill*         0x000000000800609a        0x2 
 .text.netif_set_addr
                0x000000000800609c       0x6c build/netif.o
                0x000000000800609c                netif_set_addr
 .text.netif_add
                0x0000000008006108      0x124 build/netif.o
                0x0000000008006108                netif_add
 .text.netif_set_default
                0x000000000800622c        0xc build/netif.o
                0x000000000800622c                netif_set_default
 .text.netif_set_up
                0x0000000008006238       0x3c build/netif.o
                0x0000000008006238                netif_set_up
 .text.netif_set_down
                0x0000000008006274       0x40 build/netif.o
                0x0000000008006274                netif_set_down
 .text.netif_set_link_up
                0x00000000080062b4       0x48 build/netif.o
                0x00000000080062b4                netif_set_link_up
 .text.netif_set_link_down
                0x00000000080062fc       0x3c build/netif.o
                0x00000000080062fc                netif_set_link_down
 .text.netif_set_link_callback
                0x0000000008006338        0x6 build/netif.o
                0x0000000008006338                netif_set_link_callback
 *fill*         0x000000000800633e        0x2 
 .text.netif_get_by_index
                0x0000000008006340       0x24 build/netif.o
                0x0000000008006340                netif_get_by_index
 .text.tcp_new_port
                0x0000000008006364       0x68 build/tcp.o
 .text.tcp_remove_listener
                0x00000000080063cc       0x34 build/tcp.o
 .text.tcp_listen_closed
                0x0000000008006400       0x5c build/tcp.o
 .text.tcp_free_listen
                0x000000000800645c       0x30 build/tcp.o
 .text.tcp_close_shutdown_fin
                0x000000000800648c       0x84 build/tcp.o
 .text.tcp_handle_closepend
                0x0000000008006510       0x2c build/tcp.o
 .text.tcp_init
                0x000000000800653c       0x18 build/tcp.o
                0x000000000800653c                tcp_init
 .text.tcp_free
                0x0000000008006554       0x30 build/tcp.o
                0x0000000008006554                tcp_free
 .text.tcp_bind
                0x0000000008006584       0xcc build/tcp.o
                0x0000000008006584                tcp_bind
 .text.tcp_listen_with_backlog_and_err
                0x0000000008006650       0xe0 build/tcp.o
                0x0000000008006650                tcp_listen_with_backlog_and_err
 .text.tcp_listen_with_backlog
                0x0000000008006730        0xa build/tcp.o
                0x0000000008006730                tcp_listen_with_backlog
 *fill*         0x000000000800673a        0x2 
 .text.tcp_update_rcv_ann_wnd
                0x000000000800673c       0x78 build/tcp.o
                0x000000000800673c                tcp_update_rcv_ann_wnd
 .text.tcp_recved
                0x00000000080067b4       0x78 build/tcp.o
                0x00000000080067b4                tcp_recved
 .text.tcp_seg_free
                0x000000000800682c       0x1a build/tcp.o
                0x000000000800682c                tcp_seg_free
 .text.tcp_segs_free
                0x0000000008006846       0x14 build/tcp.o
                0x0000000008006846                tcp_segs_free
 *fill*         0x000000000800685a        0x2 
 .text.tcp_setprio
                0x000000000800685c       0x24 build/tcp.o
                0x000000000800685c                tcp_setprio
 .text.tcp_seg_copy
                0x0000000008006880       0x48 build/tcp.o
                0x0000000008006880                tcp_seg_copy
 .text.tcp_arg  0x00000000080068c8        0x6 build/tcp.o
                0x00000000080068c8                tcp_arg
 *fill*         0x00000000080068ce        0x2 
 .text.tcp_recv
                0x00000000080068d0       0x34 build/tcp.o
                0x00000000080068d0                tcp_recv
 .text.tcp_sent
                0x0000000008006904       0x34 build/tcp.o
                0x0000000008006904                tcp_sent
 .text.tcp_err  0x0000000008006938       0x34 build/tcp.o
                0x0000000008006938                tcp_err
 .text.tcp_accept
                0x000000000800696c        0xe build/tcp.o
                0x000000000800696c                tcp_accept
 *fill*         0x000000000800697a        0x2 
 .text.tcp_poll
                0x000000000800697c       0x48 build/tcp.o
                0x000000000800697c                tcp_poll
 .text.tcp_next_iss
                0x00000000080069c4       0x38 build/tcp.o
                0x00000000080069c4                tcp_next_iss
 .text.tcp_eff_send_mss_netif
                0x00000000080069fc       0x40 build/tcp.o
                0x00000000080069fc                tcp_eff_send_mss_netif
 .text.tcp_free_ooseq
                0x0000000008006a3c       0x12 build/tcp.o
                0x0000000008006a3c                tcp_free_ooseq
 *fill*         0x0000000008006a4e        0x2 
 .text.tcp_pcb_purge
                0x0000000008006a50       0x64 build/tcp.o
                0x0000000008006a50                tcp_pcb_purge
 .text.tcp_pcb_remove
                0x0000000008006ab4       0xd0 build/tcp.o
                0x0000000008006ab4                tcp_pcb_remove
 .text.tcp_abandon
                0x0000000008006b84      0x10c build/tcp.o
                0x0000000008006b84                tcp_abandon
 .text.tcp_abort
                0x0000000008006c90        0xa build/tcp.o
                0x0000000008006c90                tcp_abort
 *fill*         0x0000000008006c9a        0x2 
 .text.tcp_accept_null
                0x0000000008006c9c       0x30 build/tcp.o
 .text.tcp_kill_timewait
                0x0000000008006ccc       0x34 build/tcp.o
 .text.tcp_kill_prio
                0x0000000008006d00       0x58 build/tcp.o
 .text.tcp_netif_ip_addr_changed_pcblist
                0x0000000008006d58       0x40 build/tcp.o
 .text.tcp_netif_ip_addr_changed
                0x0000000008006d98       0x54 build/tcp.o
                0x0000000008006d98                tcp_netif_ip_addr_changed
 .text.tcp_kill_state
                0x0000000008006dec       0x64 build/tcp.o
 .text.tcp_alloc
                0x0000000008006e50       0xc4 build/tcp.o
                0x0000000008006e50                tcp_alloc
 .text.tcp_new  0x0000000008006f14        0xa build/tcp.o
                0x0000000008006f14                tcp_new
 *fill*         0x0000000008006f1e        0x2 
 .text.tcp_close_shutdown
                0x0000000008006f20      0x148 build/tcp.o
 .text.tcp_close
                0x0000000008007068       0x40 build/tcp.o
                0x0000000008007068                tcp_close
 .text.tcp_recv_null
                0x00000000080070a8       0x48 build/tcp.o
                0x00000000080070a8                tcp_recv_null
 .text.tcp_process_refused_data
                0x00000000080070f0       0x8c build/tcp.o
                0x00000000080070f0                tcp_process_refused_data
 .text.tcp_fasttmr
                0x000000000800717c       0x80 build/tcp.o
                0x000000000800717c                tcp_fasttmr
 .text.tcp_slowtmr
                0x00000000080071fc      0x4a8 build/tcp.o
                0x00000000080071fc                tcp_slowtmr
 .text.tcp_tmr  0x00000000080076a4       0x24 build/tcp.o
                0x00000000080076a4                tcp_tmr
 .text.pbuf_pool_is_empty
                0x00000000080076c8        0xc build/pbuf.o
 .text.pbuf_init_alloced_pbuf
                0x00000000080076d4       0x24 build/pbuf.o
 .text.pbuf_add_header_impl
                0x00000000080076f8       0x7c build/pbuf.o
 .text.pbuf_free_ooseq
                0x0000000008007774       0x28 build/pbuf.o
                0x0000000008007774                pbuf_free_ooseq
 .text.pbuf_alloc_reference
                0x000000000800779c       0x50 build/pbuf.o
                0x000000000800779c                pbuf_alloc_reference
 .text.pbuf_alloced_custom
                0x00000000080077ec       0x3e build/pbuf.o
                0x00000000080077ec                pbuf_alloced_custom
 .text.pbuf_add_header
                0x000000000800782a        0xa build/pbuf.o
                0x000000000800782a                pbuf_add_header
 .text.pbuf_remove_header
                0x0000000008007834       0x6c build/pbuf.o
                0x0000000008007834                pbuf_remove_header
 .text.pbuf_header_impl
                0x00000000080078a0       0x14 build/pbuf.o
 .text.pbuf_header_force
                0x00000000080078b4        0xa build/pbuf.o
                0x00000000080078b4                pbuf_header_force
 *fill*         0x00000000080078be        0x2 
 .text.pbuf_free
                0x00000000080078c0       0xc4 build/pbuf.o
                0x00000000080078c0                pbuf_free
 .text.pbuf_alloc
                0x0000000008007984      0x15c build/pbuf.o
                0x0000000008007984                pbuf_alloc
 .text.pbuf_realloc
                0x0000000008007ae0       0xa8 build/pbuf.o
                0x0000000008007ae0                pbuf_realloc
 .text.pbuf_clen
                0x0000000008007b88       0x12 build/pbuf.o
                0x0000000008007b88                pbuf_clen
 *fill*         0x0000000008007b9a        0x2 
 .text.pbuf_ref
                0x0000000008007b9c       0x30 build/pbuf.o
                0x0000000008007b9c                pbuf_ref
 .text.pbuf_cat
                0x0000000008007bcc       0x78 build/pbuf.o
                0x0000000008007bcc                pbuf_cat
 .text.pbuf_chain
                0x0000000008007c44       0x10 build/pbuf.o
                0x0000000008007c44                pbuf_chain
 .text.pbuf_copy
                0x0000000008007c54      0x128 build/pbuf.o
                0x0000000008007c54                pbuf_copy
 .text.pbuf_copy_partial
                0x0000000008007d7c       0x94 build/pbuf.o
                0x0000000008007d7c                pbuf_copy_partial
 .text.pbuf_clone
                0x0000000008007e10       0x38 build/pbuf.o
                0x0000000008007e10                pbuf_clone
 .text.sys_timeout_abs
                0x0000000008007e48       0x70 build/timeouts.o
 .text.lwip_cyclic_timer
                0x0000000008007eb8       0x40 build/timeouts.o
 .text.sys_timeout
                0x0000000008007ef8       0x3c build/timeouts.o
                0x0000000008007ef8                sys_timeout
 .text.tcp_timer_needed
                0x0000000008007f34       0x3c build/timeouts.o
                0x0000000008007f34                tcp_timer_needed
 .text.tcpip_tcp_timer
                0x0000000008007f70       0x38 build/timeouts.o
 .text.sys_timeouts_init
                0x0000000008007fa8       0x28 build/timeouts.o
                0x0000000008007fa8                sys_timeouts_init
 .text.sys_check_timeouts
                0x0000000008007fd0       0x50 build/timeouts.o
                0x0000000008007fd0                sys_check_timeouts
 .text.etharp_free_entry
                0x0000000008008020       0x34 build/etharp.o
 .text.etharp_find_entry
                0x0000000008008054      0x1f0 build/etharp.o
 .text.etharp_update_arp_entry
                0x0000000008008244       0xc4 build/etharp.o
 .text.etharp_raw
                0x0000000008008308       0xe8 build/etharp.o
 .text.etharp_request_dst
                0x00000000080083f0       0x24 build/etharp.o
 .text.etharp_cleanup_netif
                0x0000000008008414       0x3c build/etharp.o
                0x0000000008008414                etharp_cleanup_netif
 .text.etharp_input
                0x0000000008008450       0xb8 build/etharp.o
                0x0000000008008450                etharp_input
 .text.etharp_request
                0x0000000008008508       0x10 build/etharp.o
                0x0000000008008508                etharp_request
 .text.etharp_tmr
                0x0000000008008518       0x88 build/etharp.o
                0x0000000008008518                etharp_tmr
 .text.etharp_output_to_arp_index
                0x00000000080085a0       0xdc build/etharp.o
 .text.etharp_query
                0x000000000800867c      0x1b8 build/etharp.o
                0x000000000800867c                etharp_query
 .text.etharp_output
                0x0000000008008834      0x168 build/etharp.o
                0x0000000008008834                etharp_output
 .text.icmp_send_response
                0x000000000800899c       0xa8 build/icmp.o
 .text.icmp_input
                0x0000000008008a44      0x148 build/icmp.o
                0x0000000008008a44                icmp_input
 .text.icmp_dest_unreach
                0x0000000008008b8c        0xc build/icmp.o
                0x0000000008008b8c                icmp_dest_unreach
 .text.icmp_time_exceeded
                0x0000000008008b98        0xc build/icmp.o
                0x0000000008008b98                icmp_time_exceeded
 .text.ip4_input_accept
                0x0000000008008ba4       0x34 build/ip4.o
 .text.ip4_route
                0x0000000008008bd8       0xac build/ip4.o
                0x0000000008008bd8                ip4_route
 .text.ip4_input
                0x0000000008008c84      0x1a0 build/ip4.o
                0x0000000008008c84                ip4_input
 .text.ip4_output_if_src
                0x0000000008008e24      0x100 build/ip4.o
                0x0000000008008e24                ip4_output_if_src
 .text.ip4_output_if
                0x0000000008008f24       0x2a build/ip4.o
                0x0000000008008f24                ip4_output_if
 *fill*         0x0000000008008f4e        0x2 
 .text.ip_reass_dequeue_datagram
                0x0000000008008f50       0x48 build/ip4_frag.o
 .text.ip_reass_free_complete_datagram
                0x0000000008008f98       0xfc build/ip4_frag.o
 .text.ip_reass_remove_oldest_datagram
                0x0000000008009094       0x80 build/ip4_frag.o
 .text.ip_frag_free_pbuf_custom_ref
                0x0000000008009114       0x2c build/ip4_frag.o
 .text.ipfrag_free_pbuf_custom
                0x0000000008009140       0x34 build/ip4_frag.o
 .text.ip_reass_chain_frag_into_datagram_and_validate
                0x0000000008009174      0x1a0 build/ip4_frag.o
 .text.ip_frag_alloc_pbuf_custom_ref
                0x0000000008009314        0xa build/ip4_frag.o
 *fill*         0x000000000800931e        0x2 
 .text.ip_reass_enqueue_new_datagram
                0x0000000008009320       0x60 build/ip4_frag.o
 .text.ip_reass_tmr
                0x0000000008009380       0x2c build/ip4_frag.o
                0x0000000008009380                ip_reass_tmr
 .text.ip4_reass
                0x00000000080093ac      0x210 build/ip4_frag.o
                0x00000000080093ac                ip4_reass
 .text.ip4_frag
                0x00000000080095bc      0x1f8 build/ip4_frag.o
                0x00000000080095bc                ip4_frag
 .text.ip4_addr_isbroadcast_u32
                0x00000000080097b4       0x40 build/ip4_addr.o
                0x00000000080097b4                ip4_addr_isbroadcast_u32
 .text.ip4addr_ntoa_r
                0x00000000080097f4       0x98 build/ip4_addr.o
                0x00000000080097f4                ip4addr_ntoa_r
 .text.ip4addr_ntoa
                0x000000000800988c       0x10 build/ip4_addr.o
                0x000000000800988c                ip4addr_ntoa
 .text.tcp_server_accept
                0x000000000800989c       0x58 build/lwip_tcp_server.o
 .text.tcp_server_send
                0x00000000080098f4       0x5a build/lwip_tcp_server.o
 .text.tcp_server_error
                0x000000000800994e        0xc build/lwip_tcp_server.o
 .text.tcp_server_close
                0x000000000800995a       0x3e build/lwip_tcp_server.o
 .text.tcp_server_poll
                0x0000000008009998       0x48 build/lwip_tcp_server.o
 .text.tcp_server_sent
                0x00000000080099e0       0x38 build/lwip_tcp_server.o
 .text.tcp_server_handle_input
                0x0000000008009a18       0x90 build/lwip_tcp_server.o
 .text.tcp_server_recv
                0x0000000008009aa8       0xc0 build/lwip_tcp_server.o
 .text.tcp_server_init
                0x0000000008009b68       0x38 build/lwip_tcp_server.o
                0x0000000008009b68                tcp_server_init
 .text.Reset_Handler
                0x0000000008009ba0       0x50 build/startup_stm32f767xx.o
                0x0000000008009ba0                Reset_Handler
 .text.Default_Handler
                0x0000000008009bf0        0x2 build/startup_stm32f767xx.o
                0x0000000008009bf0                DMA1_Stream3_IRQHandler
                0x0000000008009bf0                EXTI2_IRQHandler
                0x0000000008009bf0                TIM8_CC_IRQHandler
                0x0000000008009bf0                UART8_IRQHandler
                0x0000000008009bf0                SPI4_IRQHandler
                0x0000000008009bf0                TIM1_CC_IRQHandler
                0x0000000008009bf0                DMA2_Stream5_IRQHandler
                0x0000000008009bf0                JPEG_IRQHandler
                0x0000000008009bf0                DMA1_Stream5_IRQHandler
                0x0000000008009bf0                CAN3_RX1_IRQHandler
                0x0000000008009bf0                PVD_IRQHandler
                0x0000000008009bf0                TAMP_STAMP_IRQHandler
                0x0000000008009bf0                CAN2_RX1_IRQHandler
                0x0000000008009bf0                EXTI3_IRQHandler
                0x0000000008009bf0                TIM8_TRG_COM_TIM14_IRQHandler
                0x0000000008009bf0                DFSDM1_FLT1_IRQHandler
                0x0000000008009bf0                TIM1_UP_TIM10_IRQHandler
                0x0000000008009bf0                TIM8_UP_TIM13_IRQHandler
                0x0000000008009bf0                I2C3_ER_IRQHandler
                0x0000000008009bf0                DFSDM1_FLT2_IRQHandler
                0x0000000008009bf0                EXTI0_IRQHandler
                0x0000000008009bf0                I2C2_EV_IRQHandler
                0x0000000008009bf0                DMA1_Stream2_IRQHandler
                0x0000000008009bf0                CAN1_RX0_IRQHandler
                0x0000000008009bf0                FPU_IRQHandler
                0x0000000008009bf0                OTG_HS_WKUP_IRQHandler
                0x0000000008009bf0                CAN3_SCE_IRQHandler
                0x0000000008009bf0                LTDC_ER_IRQHandler
                0x0000000008009bf0                CAN2_SCE_IRQHandler
                0x0000000008009bf0                DMA2_Stream2_IRQHandler
                0x0000000008009bf0                SPI1_IRQHandler
                0x0000000008009bf0                TIM6_DAC_IRQHandler
                0x0000000008009bf0                TIM1_BRK_TIM9_IRQHandler
                0x0000000008009bf0                DCMI_IRQHandler
                0x0000000008009bf0                CAN2_RX0_IRQHandler
                0x0000000008009bf0                DMA2_Stream3_IRQHandler
                0x0000000008009bf0                SAI2_IRQHandler
                0x0000000008009bf0                DFSDM1_FLT3_IRQHandler
                0x0000000008009bf0                USART6_IRQHandler
                0x0000000008009bf0                CAN3_RX0_IRQHandler
                0x0000000008009bf0                USART3_IRQHandler
                0x0000000008009bf0                CAN1_RX1_IRQHandler
                0x0000000008009bf0                UART5_IRQHandler
                0x0000000008009bf0                DMA2_Stream0_IRQHandler
                0x0000000008009bf0                TIM4_IRQHandler
                0x0000000008009bf0                QUADSPI_IRQHandler
                0x0000000008009bf0                I2C1_EV_IRQHandler
                0x0000000008009bf0                DMA1_Stream6_IRQHandler
                0x0000000008009bf0                DMA1_Stream1_IRQHandler
                0x0000000008009bf0                UART4_IRQHandler
                0x0000000008009bf0                TIM3_IRQHandler
                0x0000000008009bf0                RCC_IRQHandler
                0x0000000008009bf0                TIM8_BRK_TIM12_IRQHandler
                0x0000000008009bf0                Default_Handler
                0x0000000008009bf0                CEC_IRQHandler
                0x0000000008009bf0                EXTI15_10_IRQHandler
                0x0000000008009bf0                ADC_IRQHandler
                0x0000000008009bf0                DMA1_Stream7_IRQHandler
                0x0000000008009bf0                SPI5_IRQHandler
                0x0000000008009bf0                TIM7_IRQHandler
                0x0000000008009bf0                SDMMC1_IRQHandler
                0x0000000008009bf0                CAN2_TX_IRQHandler
                0x0000000008009bf0                TIM5_IRQHandler
                0x0000000008009bf0                DMA2_Stream7_IRQHandler
                0x0000000008009bf0                I2C3_EV_IRQHandler
                0x0000000008009bf0                EXTI9_5_IRQHandler
                0x0000000008009bf0                RTC_WKUP_IRQHandler
                0x0000000008009bf0                LTDC_IRQHandler
                0x0000000008009bf0                ETH_WKUP_IRQHandler
                0x0000000008009bf0                SPDIF_RX_IRQHandler
                0x0000000008009bf0                SPI2_IRQHandler
                0x0000000008009bf0                OTG_HS_EP1_IN_IRQHandler
                0x0000000008009bf0                DMA1_Stream0_IRQHandler
                0x0000000008009bf0                CAN1_TX_IRQHandler
                0x0000000008009bf0                EXTI4_IRQHandler
                0x0000000008009bf0                RNG_IRQHandler
                0x0000000008009bf0                ETH_IRQHandler
                0x0000000008009bf0                OTG_HS_EP1_OUT_IRQHandler
                0x0000000008009bf0                WWDG_IRQHandler
                0x0000000008009bf0                SPI6_IRQHandler
                0x0000000008009bf0                MDIOS_IRQHandler
                0x0000000008009bf0                I2C4_EV_IRQHandler
                0x0000000008009bf0                CAN3_TX_IRQHandler
                0x0000000008009bf0                TIM2_IRQHandler
                0x0000000008009bf0                OTG_FS_WKUP_IRQHandler
                0x0000000008009bf0                TIM1_TRG_COM_TIM11_IRQHandler
                0x0000000008009bf0                OTG_HS_IRQHandler
                0x0000000008009bf0                DMA2D_IRQHandler
                0x0000000008009bf0                EXTI1_IRQHandler
                0x0000000008009bf0                SDMMC2_IRQHandler
                0x0000000008009bf0                UART7_IRQHandler
                0x0000000008009bf0                USART2_IRQHandler
                0x0000000008009bf0                DFSDM1_FLT0_IRQHandler
                0x0000000008009bf0                I2C2_ER_IRQHandler
                0x0000000008009bf0                DMA2_Stream1_IRQHandler
                0x0000000008009bf0                CAN1_SCE_IRQHandler
                0x0000000008009bf0                FLASH_IRQHandler
                0x0000000008009bf0                DMA2_Stream4_IRQHandler
                0x0000000008009bf0                USART1_IRQHandler
                0x0000000008009bf0                OTG_FS_IRQHandler
                0x0000000008009bf0                SPI3_IRQHandler
                0x0000000008009bf0                DMA1_Stream4_IRQHandler
                0x0000000008009bf0                I2C1_ER_IRQHandler
                0x0000000008009bf0                FMC_IRQHandler
                0x0000000008009bf0                LPTIM1_IRQHandler
                0x0000000008009bf0                I2C4_ER_IRQHandler
                0x0000000008009bf0                DMA2_Stream6_IRQHandler
                0x0000000008009bf0                SAI1_IRQHandler
                0x0000000008009bf0                RTC_Alarm_IRQHandler
 *fill*         0x0000000008009bf2        0x2 
 .text.__libc_init_array
                0x0000000008009bf4       0x48 /opt/homebrew/Cellar/arm-none-eabi-gcc/10.3-2021.07/gcc/bin/../lib/gcc/arm-none-eabi/10.3.1/../../../../arm-none-eabi/lib/thumb/v7e-m+dp/hard/libc_nano.a(lib_a-init.o)
                0x0000000008009bf4                __libc_init_array
 .text.memcmp   0x0000000008009c3c       0x20 /opt/homebrew/Cellar/arm-none-eabi-gcc/10.3-2021.07/gcc/bin/../lib/gcc/arm-none-eabi/10.3.1/../../../../arm-none-eabi/lib/thumb/v7e-m+dp/hard/libc_nano.a(lib_a-memcmp.o)
                0x0000000008009c3c                memcmp
 .text.memcpy   0x0000000008009c5c       0x1c /opt/homebrew/Cellar/arm-none-eabi-gcc/10.3-2021.07/gcc/bin/../lib/gcc/arm-none-eabi/10.3.1/../../../../arm-none-eabi/lib/thumb/v7e-m+dp/hard/libc_nano.a(lib_a-memcpy-stub.o)
                0x0000000008009c5c                memcpy
 .text.memmove  0x0000000008009c78       0x34 /opt/homebrew/Cellar/arm-none-eabi-gcc/10.3-2021.07/gcc/bin/../lib/gcc/arm-none-eabi/10.3.1/../../../../arm-none-eabi/lib/thumb/v7e-m+dp/hard/libc_nano.a(lib_a-memmove.o)
                0x0000000008009c78                memmove
 .text.memset   0x0000000008009cac       0x10 /opt/homebrew/Cellar/arm-none-eabi-gcc/10.3-2021.07/gcc/bin/../lib/gcc/arm-none-eabi/10.3.1/../../../../arm-none-eabi/lib/thumb/v7e-m+dp/hard/libc_nano.a(lib_a-memset.o)
                0x0000000008009cac                memset
 .text.printf   0x0000000008009cbc       0x30 /opt/homebrew/Cellar/arm-none-eabi-gcc/10.3-2021.07/gcc/bin/../lib/gcc/arm-none-eabi/10.3.1/../../../../arm-none-eabi/lib/thumb/v7e-m+dp/hard/libc_nano.a(lib_a-printf.o)
                0x0000000008009cbc                printf
                0x0000000008009cbc                iprintf
 .text.rand     0x0000000008009cec       0x7c /opt/homebrew/Cellar/arm-none-eabi-gcc/10.3-2021.07/gcc/bin/../lib/gcc/arm-none-eabi/10.3.1/../../../../arm-none-eabi/lib/thumb/v7e-m+dp/hard/libc_nano.a(lib_a-rand.o)
                0x0000000008009cec                rand
 .text.sprintf  0x0000000008009d68       0x40 /opt/homebrew/Cellar/arm-none-eabi-gcc/10.3-2021.07/gcc/bin/../lib/gcc/arm-none-eabi/10.3.1/../../../../arm-none-eabi/lib/thumb/v7e-m+dp/hard/libc_nano.a(lib_a-sprintf.o)
                0x0000000008009d68                sprintf
                0x0000000008009d68                siprintf
 .text.strcat   0x0000000008009da8       0x1e /opt/homebrew/Cellar/arm-none-eabi-gcc/10.3-2021.07/gcc/bin/../lib/gcc/arm-none-eabi/10.3.1/../../../../arm-none-eabi/lib/thumb/v7e-m+dp/hard/libc_nano.a(lib_a-strcat.o)
                0x0000000008009da8                strcat
 .text.strncpy  0x0000000008009dc6       0x26 /opt/homebrew/Cellar/arm-none-eabi-gcc/10.3-2021.07/gcc/bin/../lib/gcc/arm-none-eabi/10.3.1/../../../../arm-none-eabi/lib/thumb/v7e-m+dp/hard/libc_nano.a(lib_a-strncpy.o)
                0x0000000008009dc6                strncpy
 .text.__assert_func
                0x0000000008009dec       0x3c /opt/homebrew/Cellar/arm-none-eabi-gcc/10.3-2021.07/gcc/bin/../lib/gcc/arm-none-eabi/10.3.1/../../../../arm-none-eabi/lib/thumb/v7e-m+dp/hard/libc_nano.a(lib_a-assert.o)
                0x0000000008009dec                __assert_func
 .text.std      0x0000000008009e28       0x48 /opt/homebrew/Cellar/arm-none-eabi-gcc/10.3-2021.07/gcc/bin/../lib/gcc/arm-none-eabi/10.3.1/../../../../arm-none-eabi/lib/thumb/v7e-m+dp/hard/libc_nano.a(lib_a-findfp.o)
 .text._cleanup_r
                0x0000000008009e70        0xc /opt/homebrew/Cellar/arm-none-eabi-gcc/10.3-2021.07/gcc/bin/../lib/gcc/arm-none-eabi/10.3.1/../../../../arm-none-eabi/lib/thumb/v7e-m+dp/hard/libc_nano.a(lib_a-findfp.o)
                0x0000000008009e70                _cleanup_r
 .text.__sfmoreglue
                0x0000000008009e7c       0x2c /opt/homebrew/Cellar/arm-none-eabi-gcc/10.3-2021.07/gcc/bin/../lib/gcc/arm-none-eabi/10.3.1/../../../../arm-none-eabi/lib/thumb/v7e-m+dp/hard/libc_nano.a(lib_a-findfp.o)
                0x0000000008009e7c                __sfmoreglue
 .text.__sfp_lock_acquire
                0x0000000008009ea8        0xc /opt/homebrew/Cellar/arm-none-eabi-gcc/10.3-2021.07/gcc/bin/../lib/gcc/arm-none-eabi/10.3.1/../../../../arm-none-eabi/lib/thumb/v7e-m+dp/hard/libc_nano.a(lib_a-findfp.o)
                0x0000000008009ea8                __sfp_lock_acquire
 .text.__sfp_lock_release
                0x0000000008009eb4        0xc /opt/homebrew/Cellar/arm-none-eabi-gcc/10.3-2021.07/gcc/bin/../lib/gcc/arm-none-eabi/10.3.1/../../../../arm-none-eabi/lib/thumb/v7e-m+dp/hard/libc_nano.a(lib_a-findfp.o)
                0x0000000008009eb4                __sfp_lock_release
 .text.__sinit_lock_acquire
                0x0000000008009ec0        0xc /opt/homebrew/Cellar/arm-none-eabi-gcc/10.3-2021.07/gcc/bin/../lib/gcc/arm-none-eabi/10.3.1/../../../../arm-none-eabi/lib/thumb/v7e-m+dp/hard/libc_nano.a(lib_a-findfp.o)
                0x0000000008009ec0                __sinit_lock_acquire
 .text.__sinit_lock_release
                0x0000000008009ecc        0xc /opt/homebrew/Cellar/arm-none-eabi-gcc/10.3-2021.07/gcc/bin/../lib/gcc/arm-none-eabi/10.3.1/../../../../arm-none-eabi/lib/thumb/v7e-m+dp/hard/libc_nano.a(lib_a-findfp.o)
                0x0000000008009ecc                __sinit_lock_release
 .text.__sinit  0x0000000008009ed8       0x70 /opt/homebrew/Cellar/arm-none-eabi-gcc/10.3-2021.07/gcc/bin/../lib/gcc/arm-none-eabi/10.3.1/../../../../arm-none-eabi/lib/thumb/v7e-m+dp/hard/libc_nano.a(lib_a-findfp.o)
                0x0000000008009ed8                __sinit
 .text.__sfp    0x0000000008009f48       0x8c /opt/homebrew/Cellar/arm-none-eabi-gcc/10.3-2021.07/gcc/bin/../lib/gcc/arm-none-eabi/10.3.1/../../../../arm-none-eabi/lib/thumb/v7e-m+dp/hard/libc_nano.a(lib_a-findfp.o)
                0x0000000008009f48                __sfp
 .text.fprintf  0x0000000008009fd4       0x24 /opt/homebrew/Cellar/arm-none-eabi-gcc/10.3-2021.07/gcc/bin/../lib/gcc/arm-none-eabi/10.3.1/../../../../arm-none-eabi/lib/thumb/v7e-m+dp/hard/libc_nano.a(lib_a-fprintf.o)
                0x0000000008009fd4                fprintf
                0x0000000008009fd4                fiprintf
 .text._fwalk_reent
                0x0000000008009ff8       0x3e /opt/homebrew/Cellar/arm-none-eabi-gcc/10.3-2021.07/gcc/bin/../lib/gcc/arm-none-eabi/10.3.1/../../../../arm-none-eabi/lib/thumb/v7e-m+dp/hard/libc_nano.a(lib_a-fwalk.o)
                0x0000000008009ff8                _fwalk_reent
 .text.__retarget_lock_init_recursive
                0x000000000800a036        0x2 /opt/homebrew/Cellar/arm-none-eabi-gcc/10.3-2021.07/gcc/bin/../lib/gcc/arm-none-eabi/10.3.1/../../../../arm-none-eabi/lib/thumb/v7e-m+dp/hard/libc_nano.a(lib_a-lock.o)
                0x000000000800a036                __retarget_lock_init_recursive
 .text.__retarget_lock_acquire_recursive
                0x000000000800a038        0x2 /opt/homebrew/Cellar/arm-none-eabi-gcc/10.3-2021.07/gcc/bin/../lib/gcc/arm-none-eabi/10.3.1/../../../../arm-none-eabi/lib/thumb/v7e-m+dp/hard/libc_nano.a(lib_a-lock.o)
                0x000000000800a038                __retarget_lock_acquire_recursive
 .text.__retarget_lock_release_recursive
                0x000000000800a03a        0x2 /opt/homebrew/Cellar/arm-none-eabi-gcc/10.3-2021.07/gcc/bin/../lib/gcc/arm-none-eabi/10.3.1/../../../../arm-none-eabi/lib/thumb/v7e-m+dp/hard/libc_nano.a(lib_a-lock.o)
                0x000000000800a03a                __retarget_lock_release_recursive
 .text.malloc   0x000000000800a03c       0x10 /opt/homebrew/Cellar/arm-none-eabi-gcc/10.3-2021.07/gcc/bin/../lib/gcc/arm-none-eabi/10.3.1/../../../../arm-none-eabi/lib/thumb/v7e-m+dp/hard/libc_nano.a(lib_a-malloc.o)
                0x000000000800a03c                malloc
 .text._free_r  0x000000000800a04c       0x98 /opt/homebrew/Cellar/arm-none-eabi-gcc/10.3-2021.07/gcc/bin/../lib/gcc/arm-none-eabi/10.3.1/../../../../arm-none-eabi/lib/thumb/v7e-m+dp/hard/libc_nano.a(lib_a-nano-freer.o)
                0x000000000800a04c                _free_r
 .text.sbrk_aligned
                0x000000000800a0e4       0x40 /opt/homebrew/Cellar/arm-none-eabi-gcc/10.3-2021.07/gcc/bin/../lib/gcc/arm-none-eabi/10.3.1/../../../../arm-none-eabi/lib/thumb/v7e-m+dp/hard/libc_nano.a(lib_a-nano-mallocr.o)
 .text._malloc_r
                0x000000000800a124       0xe8 /opt/homebrew/Cellar/arm-none-eabi-gcc/10.3-2021.07/gcc/bin/../lib/gcc/arm-none-eabi/10.3.1/../../../../arm-none-eabi/lib/thumb/v7e-m+dp/hard/libc_nano.a(lib_a-nano-mallocr.o)
                0x000000000800a124                _malloc_r
 .text.__ssputs_r
                0x000000000800a20c       0xb6 /opt/homebrew/Cellar/arm-none-eabi-gcc/10.3-2021.07/gcc/bin/../lib/gcc/arm-none-eabi/10.3.1/../../../../arm-none-eabi/lib/thumb/v7e-m+dp/hard/libc_nano.a(lib_a-nano-svfprintf.o)
                0x000000000800a20c                __ssputs_r
 *fill*         0x000000000800a2c2        0x2 
 .text._svfprintf_r
                0x000000000800a2c4      0x200 /opt/homebrew/Cellar/arm-none-eabi-gcc/10.3-2021.07/gcc/bin/../lib/gcc/arm-none-eabi/10.3.1/../../../../arm-none-eabi/lib/thumb/v7e-m+dp/hard/libc_nano.a(lib_a-nano-svfprintf.o)
                0x000000000800a2c4                _svfprintf_r
                0x000000000800a2c4                _svfiprintf_r
 .text.__sfputc_r
                0x000000000800a4c4       0x2e /opt/homebrew/Cellar/arm-none-eabi-gcc/10.3-2021.07/gcc/bin/../lib/gcc/arm-none-eabi/10.3.1/../../../../arm-none-eabi/lib/thumb/v7e-m+dp/hard/libc_nano.a(lib_a-nano-vfprintf.o)
 .text.__sfputs_r
                0x000000000800a4f2       0x24 /opt/homebrew/Cellar/arm-none-eabi-gcc/10.3-2021.07/gcc/bin/../lib/gcc/arm-none-eabi/10.3.1/../../../../arm-none-eabi/lib/thumb/v7e-m+dp/hard/libc_nano.a(lib_a-nano-vfprintf.o)
                0x000000000800a4f2                __sfputs_r
 *fill*         0x000000000800a516        0x2 
 .text._vfprintf_r
                0x000000000800a518      0x260 /opt/homebrew/Cellar/arm-none-eabi-gcc/10.3-2021.07/gcc/bin/../lib/gcc/arm-none-eabi/10.3.1/../../../../arm-none-eabi/lib/thumb/v7e-m+dp/hard/libc_nano.a(lib_a-nano-vfprintf.o)
                0x000000000800a518                _vfiprintf_r
                0x000000000800a518                _vfprintf_r
 .text._printf_common
                0x000000000800a778       0xda /opt/homebrew/Cellar/arm-none-eabi-gcc/10.3-2021.07/gcc/bin/../lib/gcc/arm-none-eabi/10.3.1/../../../../arm-none-eabi/lib/thumb/v7e-m+dp/hard/libc_nano.a(lib_a-nano-vfprintf_i.o)
                0x000000000800a778                _printf_common
 *fill*         0x000000000800a852        0x2 
 .text._printf_i
                0x000000000800a854      0x24c /opt/homebrew/Cellar/arm-none-eabi-gcc/10.3-2021.07/gcc/bin/../lib/gcc/arm-none-eabi/10.3.1/../../../../arm-none-eabi/lib/thumb/v7e-m+dp/hard/libc_nano.a(lib_a-nano-vfprintf_i.o)
                0x000000000800a854                _printf_i
 .text._sbrk_r  0x000000000800aaa0       0x20 /opt/homebrew/Cellar/arm-none-eabi-gcc/10.3-2021.07/gcc/bin/../lib/gcc/arm-none-eabi/10.3.1/../../../../arm-none-eabi/lib/thumb/v7e-m+dp/hard/libc_nano.a(lib_a-sbrkr.o)
                0x000000000800aaa0                _sbrk_r
 .text.__sread  0x000000000800aac0       0x22 /opt/homebrew/Cellar/arm-none-eabi-gcc/10.3-2021.07/gcc/bin/../lib/gcc/arm-none-eabi/10.3.1/../../../../arm-none-eabi/lib/thumb/v7e-m+dp/hard/libc_nano.a(lib_a-stdio.o)
                0x000000000800aac0                __sread
 .text.__swrite
                0x000000000800aae2       0x38 /opt/homebrew/Cellar/arm-none-eabi-gcc/10.3-2021.07/gcc/bin/../lib/gcc/arm-none-eabi/10.3.1/../../../../arm-none-eabi/lib/thumb/v7e-m+dp/hard/libc_nano.a(lib_a-stdio.o)
                0x000000000800aae2                __swrite
 .text.__sseek  0x000000000800ab1a       0x24 /opt/homebrew/Cellar/arm-none-eabi-gcc/10.3-2021.07/gcc/bin/../lib/gcc/arm-none-eabi/10.3.1/../../../../arm-none-eabi/lib/thumb/v7e-m+dp/hard/libc_nano.a(lib_a-stdio.o)
                0x000000000800ab1a                __sseek
 .text.__sclose
                0x000000000800ab3e        0x8 /opt/homebrew/Cellar/arm-none-eabi-gcc/10.3-2021.07/gcc/bin/../lib/gcc/arm-none-eabi/10.3.1/../../../../arm-none-eabi/lib/thumb/v7e-m+dp/hard/libc_nano.a(lib_a-stdio.o)
                0x000000000800ab3e                __sclose
 *fill*         0x000000000800ab46        0x2 
 .text.__swbuf_r
                0x000000000800ab48       0xa4 /opt/homebrew/Cellar/arm-none-eabi-gcc/10.3-2021.07/gcc/bin/../lib/gcc/arm-none-eabi/10.3.1/../../../../arm-none-eabi/lib/thumb/v7e-m+dp/hard/libc_nano.a(lib_a-wbuf.o)
                0x000000000800ab48                __swbuf_r
 .text._write_r
                0x000000000800abec       0x24 /opt/homebrew/Cellar/arm-none-eabi-gcc/10.3-2021.07/gcc/bin/../lib/gcc/arm-none-eabi/10.3.1/../../../../arm-none-eabi/lib/thumb/v7e-m+dp/hard/libc_nano.a(lib_a-writer.o)
                0x000000000800abec                _write_r
 .text.__swsetup_r
                0x000000000800ac10       0xdc /opt/homebrew/Cellar/arm-none-eabi-gcc/10.3-2021.07/gcc/bin/../lib/gcc/arm-none-eabi/10.3.1/../../../../arm-none-eabi/lib/thumb/v7e-m+dp/hard/libc_nano.a(lib_a-wsetup.o)
                0x000000000800ac10                __swsetup_r
 .text.abort    0x000000000800acec        0xe /opt/homebrew/Cellar/arm-none-eabi-gcc/10.3-2021.07/gcc/bin/../lib/gcc/arm-none-eabi/10.3.1/../../../../arm-none-eabi/lib/thumb/v7e-m+dp/hard/libc_nano.a(lib_a-abort.o)
                0x000000000800acec                abort
 *fill*         0x000000000800acfa        0x2 
 .text._close_r
                0x000000000800acfc       0x20 /opt/homebrew/Cellar/arm-none-eabi-gcc/10.3-2021.07/gcc/bin/../lib/gcc/arm-none-eabi/10.3.1/../../../../arm-none-eabi/lib/thumb/v7e-m+dp/hard/libc_nano.a(lib_a-closer.o)
                0x000000000800acfc                _close_r
 .text.__sflush_r
                0x000000000800ad1c      0x10c /opt/homebrew/Cellar/arm-none-eabi-gcc/10.3-2021.07/gcc/bin/../lib/gcc/arm-none-eabi/10.3.1/../../../../arm-none-eabi/lib/thumb/v7e-m+dp/hard/libc_nano.a(lib_a-fflush.o)
                0x000000000800ad1c                __sflush_r
 .text._fflush_r
                0x000000000800ae28       0x78 /opt/homebrew/Cellar/arm-none-eabi-gcc/10.3-2021.07/gcc/bin/../lib/gcc/arm-none-eabi/10.3.1/../../../../arm-none-eabi/lib/thumb/v7e-m+dp/hard/libc_nano.a(lib_a-fflush.o)
                0x000000000800ae28                _fflush_r
 .text._lseek_r
                0x000000000800aea0       0x24 /opt/homebrew/Cellar/arm-none-eabi-gcc/10.3-2021.07/gcc/bin/../lib/gcc/arm-none-eabi/10.3.1/../../../../arm-none-eabi/lib/thumb/v7e-m+dp/hard/libc_nano.a(lib_a-lseekr.o)
                0x000000000800aea0                _lseek_r
 .text.__swhatbuf_r
                0x000000000800aec4       0x4a /opt/homebrew/Cellar/arm-none-eabi-gcc/10.3-2021.07/gcc/bin/../lib/gcc/arm-none-eabi/10.3.1/../../../../arm-none-eabi/lib/thumb/v7e-m+dp/hard/libc_nano.a(lib_a-makebuf.o)
                0x000000000800aec4                __swhatbuf_r
 *fill*         0x000000000800af0e        0x2 
 .text.__smakebuf_r
                0x000000000800af10       0x80 /opt/homebrew/Cellar/arm-none-eabi-gcc/10.3-2021.07/gcc/bin/../lib/gcc/arm-none-eabi/10.3.1/../../../../arm-none-eabi/lib/thumb/v7e-m+dp/hard/libc_nano.a(lib_a-makebuf.o)
                0x000000000800af10                __smakebuf_r
 .text.__malloc_lock
                0x000000000800af90        0xc /opt/homebrew/Cellar/arm-none-eabi-gcc/10.3-2021.07/gcc/bin/../lib/gcc/arm-none-eabi/10.3.1/../../../../arm-none-eabi/lib/thumb/v7e-m+dp/hard/libc_nano.a(lib_a-mlock.o)
                0x000000000800af90                __malloc_lock
 .text.__malloc_unlock
                0x000000000800af9c        0xc /opt/homebrew/Cellar/arm-none-eabi-gcc/10.3-2021.07/gcc/bin/../lib/gcc/arm-none-eabi/10.3.1/../../../../arm-none-eabi/lib/thumb/v7e-m+dp/hard/libc_nano.a(lib_a-mlock.o)
                0x000000000800af9c                __malloc_unlock
 .text._realloc_r
                0x000000000800afa8       0x5e /opt/homebrew/Cellar/arm-none-eabi-gcc/10.3-2021.07/gcc/bin/../lib/gcc/arm-none-eabi/10.3.1/../../../../arm-none-eabi/lib/thumb/v7e-m+dp/hard/libc_nano.a(lib_a-nano-reallocr.o)
                0x000000000800afa8                _realloc_r
 *fill*         0x000000000800b006        0x2 
 .text._read_r  0x000000000800b008       0x24 /opt/homebrew/Cellar/arm-none-eabi-gcc/10.3-2021.07/gcc/bin/../lib/gcc/arm-none-eabi/10.3.1/../../../../arm-none-eabi/lib/thumb/v7e-m+dp/hard/libc_nano.a(lib_a-readr.o)
                0x000000000800b008                _read_r
 .text._raise_r
                0x000000000800b02c       0x50 /opt/homebrew/Cellar/arm-none-eabi-gcc/10.3-2021.07/gcc/bin/../lib/gcc/arm-none-eabi/10.3.1/../../../../arm-none-eabi/lib/thumb/v7e-m+dp/hard/libc_nano.a(lib_a-signal.o)
                0x000000000800b02c                _raise_r
 .text.raise    0x000000000800b07c       0x10 /opt/homebrew/Cellar/arm-none-eabi-gcc/10.3-2021.07/gcc/bin/../lib/gcc/arm-none-eabi/10.3.1/../../../../arm-none-eabi/lib/thumb/v7e-m+dp/hard/libc_nano.a(lib_a-signal.o)
                0x000000000800b07c                raise
 .text._kill_r  0x000000000800b08c       0x24 /opt/homebrew/Cellar/arm-none-eabi-gcc/10.3-2021.07/gcc/bin/../lib/gcc/arm-none-eabi/10.3.1/../../../../arm-none-eabi/lib/thumb/v7e-m+dp/hard/libc_nano.a(lib_a-signalr.o)
                0x000000000800b08c                _kill_r
 .text._getpid_r
                0x000000000800b0b0        0x4 /opt/homebrew/Cellar/arm-none-eabi-gcc/10.3-2021.07/gcc/bin/../lib/gcc/arm-none-eabi/10.3.1/../../../../arm-none-eabi/lib/thumb/v7e-m+dp/hard/libc_nano.a(lib_a-signalr.o)
                0x000000000800b0b0                _getpid_r
 .text._fstat_r
                0x000000000800b0b4       0x24 /opt/homebrew/Cellar/arm-none-eabi-gcc/10.3-2021.07/gcc/bin/../lib/gcc/arm-none-eabi/10.3.1/../../../../arm-none-eabi/lib/thumb/v7e-m+dp/hard/libc_nano.a(lib_a-fstatr.o)
                0x000000000800b0b4                _fstat_r
 .text._isatty_r
                0x000000000800b0d8       0x20 /opt/homebrew/Cellar/arm-none-eabi-gcc/10.3-2021.07/gcc/bin/../lib/gcc/arm-none-eabi/10.3.1/../../../../arm-none-eabi/lib/thumb/v7e-m+dp/hard/libc_nano.a(lib_a-isattyr.o)
                0x000000000800b0d8                _isatty_r
 .text._malloc_usable_size_r
                0x000000000800b0f8       0x10 /opt/homebrew/Cellar/arm-none-eabi-gcc/10.3-2021.07/gcc/bin/../lib/gcc/arm-none-eabi/10.3.1/../../../../arm-none-eabi/lib/thumb/v7e-m+dp/hard/libc_nano.a(lib_a-nano-msizer.o)
                0x000000000800b0f8                _malloc_usable_size_r
 .text._close   0x000000000800b108       0x10 /opt/homebrew/Cellar/arm-none-eabi-gcc/10.3-2021.07/gcc/bin/../lib/gcc/arm-none-eabi/10.3.1/../../../../arm-none-eabi/lib/thumb/v7e-m+dp/hard/libnosys.a(close.o)
                0x000000000800b108                _close
 .text._fstat   0x000000000800b118       0x10 /opt/homebrew/Cellar/arm-none-eabi-gcc/10.3-2021.07/gcc/bin/../lib/gcc/arm-none-eabi/10.3.1/../../../../arm-none-eabi/lib/thumb/v7e-m+dp/hard/libnosys.a(fstat.o)
                0x000000000800b118                _fstat
 .text._getpid  0x000000000800b128       0x10 /opt/homebrew/Cellar/arm-none-eabi-gcc/10.3-2021.07/gcc/bin/../lib/gcc/arm-none-eabi/10.3.1/../../../../arm-none-eabi/lib/thumb/v7e-m+dp/hard/libnosys.a(getpid.o)
                0x000000000800b128                _getpid
 .text._isatty  0x000000000800b138       0x10 /opt/homebrew/Cellar/arm-none-eabi-gcc/10.3-2021.07/gcc/bin/../lib/gcc/arm-none-eabi/10.3.1/../../../../arm-none-eabi/lib/thumb/v7e-m+dp/hard/libnosys.a(isatty.o)
                0x000000000800b138                _isatty
 .text._kill    0x000000000800b148       0x10 /opt/homebrew/Cellar/arm-none-eabi-gcc/10.3-2021.07/gcc/bin/../lib/gcc/arm-none-eabi/10.3.1/../../../../arm-none-eabi/lib/thumb/v7e-m+dp/hard/libnosys.a(kill.o)
                0x000000000800b148                _kill
 .text._lseek   0x000000000800b158       0x10 /opt/homebrew/Cellar/arm-none-eabi-gcc/10.3-2021.07/gcc/bin/../lib/gcc/arm-none-eabi/10.3.1/../../../../arm-none-eabi/lib/thumb/v7e-m+dp/hard/libnosys.a(lseek.o)
                0x000000000800b158                _lseek
 .text._read    0x000000000800b168       0x10 /opt/homebrew/Cellar/arm-none-eabi-gcc/10.3-2021.07/gcc/bin/../lib/gcc/arm-none-eabi/10.3.1/../../../../arm-none-eabi/lib/thumb/v7e-m+dp/hard/libnosys.a(read.o)
                0x000000000800b168                _read
 .text._sbrk    0x000000000800b178       0x1c /opt/homebrew/Cellar/arm-none-eabi-gcc/10.3-2021.07/gcc/bin/../lib/gcc/arm-none-eabi/10.3.1/../../../../arm-none-eabi/lib/thumb/v7e-m+dp/hard/libnosys.a(sbrk.o)
                0x000000000800b178                _sbrk
 .text._write   0x000000000800b194       0x10 /opt/homebrew/Cellar/arm-none-eabi-gcc/10.3-2021.07/gcc/bin/../lib/gcc/arm-none-eabi/10.3.1/../../../../arm-none-eabi/lib/thumb/v7e-m+dp/hard/libnosys.a(write.o)
                0x000000000800b194                _write
 .text._exit    0x000000000800b1a4        0x4 /opt/homebrew/Cellar/arm-none-eabi-gcc/10.3-2021.07/gcc/bin/../lib/gcc/arm-none-eabi/10.3.1/../../../../arm-none-eabi/lib/thumb/v7e-m+dp/hard/libnosys.a(_exit.o)
                0x000000000800b1a4                _exit
 *(.glue_7)
 .glue_7        0x000000000800b1a8        0x0 linker stubs
 *(.glue_7t)
 .glue_7t       0x000000000800b1a8        0x0 linker stubs
 *(.eh_frame)
 .eh_frame      0x000000000800b1a8        0x0 /opt/homebrew/Cellar/arm-none-eabi-gcc/10.3-2021.07/gcc/bin/../lib/gcc/arm-none-eabi/10.3.1/thumb/v7e-m+dp/hard/crtbegin.o
 *(.init)
 .init          0x000000000800b1a8        0x4 /opt/homebrew/Cellar/arm-none-eabi-gcc/10.3-2021.07/gcc/bin/../lib/gcc/arm-none-eabi/10.3.1/thumb/v7e-m+dp/hard/crti.o
                0x000000000800b1a8                _init
 .init          0x000000000800b1ac        0x8 /opt/homebrew/Cellar/arm-none-eabi-gcc/10.3-2021.07/gcc/bin/../lib/gcc/arm-none-eabi/10.3.1/thumb/v7e-m+dp/hard/crtn.o
 *(.fini)
 .fini          0x000000000800b1b4        0x4 /opt/homebrew/Cellar/arm-none-eabi-gcc/10.3-2021.07/gcc/bin/../lib/gcc/arm-none-eabi/10.3.1/thumb/v7e-m+dp/hard/crti.o
                0x000000000800b1b4                _fini
 .fini          0x000000000800b1b8        0x8 /opt/homebrew/Cellar/arm-none-eabi-gcc/10.3-2021.07/gcc/bin/../lib/gcc/arm-none-eabi/10.3.1/thumb/v7e-m+dp/hard/crtn.o
                0x000000000800b1c0                . = ALIGN (0x4)
                0x000000000800b1c0                _etext = .

.vfp11_veneer   0x000000000800b1c0        0x0
 .vfp11_veneer  0x000000000800b1c0        0x0 linker stubs

.v4_bx          0x000000000800b1c0        0x0
 .v4_bx         0x000000000800b1c0        0x0 linker stubs

.iplt           0x000000000800b1c0        0x0
 .iplt          0x000000000800b1c0        0x0 /opt/homebrew/Cellar/arm-none-eabi-gcc/10.3-2021.07/gcc/bin/../lib/gcc/arm-none-eabi/10.3.1/thumb/v7e-m+dp/hard/crtbegin.o

.rodata         0x000000000800b1c0     0x2470
                0x000000000800b1c0                . = ALIGN (0x4)
 *(.rodata)
 *(.rodata*)
 .rodata.AHBPrescTable
                0x000000000800b1c0       0x10 build/system_stm32f7xx.o
                0x000000000800b1c0                AHBPrescTable
 .rodata.ethernetif_init.str1.4
                0x000000000800b1d0       0x54 build/ethernetif.o
 .rodata.memp_RX_POOL
                0x000000000800b224        0xc build/ethernetif.o
                0x000000000800b224                memp_RX_POOL
 .rodata.ethernet_output.str1.4
                0x000000000800b230       0x65 build/ethernet.o
                                         0x90 (size before relaxing)
 *fill*         0x000000000800b295        0x3 
 .rodata.ethbroadcast
                0x000000000800b298        0x6 build/ethernet.o
                0x000000000800b298                ethbroadcast
 *fill*         0x000000000800b29e        0x2 
 .rodata.ethzero
                0x000000000800b2a0        0x6 build/ethernet.o
                0x000000000800b2a0                ethzero
 *fill*         0x000000000800b2a6        0x2 
 .rodata.do_memp_malloc_pool.str1.4
                0x000000000800b2a8       0x53 build/memp.o
                                         0x7c (size before relaxing)
 *fill*         0x000000000800b2fb        0x1 
 .rodata.do_memp_free_pool.str1.4
                0x000000000800b2fc       0x20 build/memp.o
 .rodata.memp_malloc_pool.str1.4
                0x000000000800b31c       0x12 build/memp.o
 *fill*         0x000000000800b32e        0x2 
 .rodata.memp_malloc.str1.4
                0x000000000800b330       0x1d build/memp.o
 *fill*         0x000000000800b34d        0x3 
 .rodata.memp_free.str1.4
                0x000000000800b350       0x1b build/memp.o
 *fill*         0x000000000800b36b        0x1 
 .rodata.memp_FRAG_PBUF
                0x000000000800b36c        0xc build/memp.o
                0x000000000800b36c                memp_FRAG_PBUF
 .rodata.memp_PBUF
                0x000000000800b378        0xc build/memp.o
                0x000000000800b378                memp_PBUF
 .rodata.memp_PBUF_POOL
                0x000000000800b384        0xc build/memp.o
                0x000000000800b384                memp_PBUF_POOL
 .rodata.memp_REASSDATA
                0x000000000800b390        0xc build/memp.o
                0x000000000800b390                memp_REASSDATA
 .rodata.memp_SYS_TIMEOUT
                0x000000000800b39c        0xc build/memp.o
                0x000000000800b39c                memp_SYS_TIMEOUT
 .rodata.memp_TCP_PCB
                0x000000000800b3a8        0xc build/memp.o
                0x000000000800b3a8                memp_TCP_PCB
 .rodata.memp_TCP_PCB_LISTEN
                0x000000000800b3b4        0xc build/memp.o
                0x000000000800b3b4                memp_TCP_PCB_LISTEN
 .rodata.memp_TCP_SEG
                0x000000000800b3c0        0xc build/memp.o
                0x000000000800b3c0                memp_TCP_SEG
 .rodata.memp_UDP_PCB
                0x000000000800b3cc        0xc build/memp.o
                0x000000000800b3cc                memp_UDP_PCB
 .rodata.memp_pools
                0x000000000800b3d8       0x24 build/memp.o
                0x000000000800b3d8                memp_pools
 .rodata.tcp_write_checks.str1.4
                0x000000000800b3fc       0xbe build/tcp_out.o
                                         0xe6 (size before relaxing)
 *fill*         0x000000000800b4ba        0x2 
 .rodata.tcp_output_segment_busy.str1.4
                0x000000000800b4bc       0x25 build/tcp_out.o
 *fill*         0x000000000800b4e1        0x3 
 .rodata.tcp_output_fill_options.str1.4
                0x000000000800b4e4       0x3b build/tcp_out.o
 *fill*         0x000000000800b51f        0x1 
 .rodata.tcp_pbuf_prealloc.str1.4
                0x000000000800b520       0x58 build/tcp_out.o
 .rodata.tcp_create_segment.str1.4
                0x000000000800b578       0x59 build/tcp_out.o
 *fill*         0x000000000800b5d1        0x3 
 .rodata.tcp_output_alloc_header_common.str1.4
                0x000000000800b5d4       0x2e build/tcp_out.o
 *fill*         0x000000000800b602        0x2 
 .rodata.tcp_output_alloc_header.str1.4
                0x000000000800b604       0x25 build/tcp_out.o
 *fill*         0x000000000800b629        0x3 
 .rodata.tcp_output_segment.str1.4
                0x000000000800b62c       0x62 build/tcp_out.o
 *fill*         0x000000000800b68e        0x2 
 .rodata.tcp_output_control_segment.str1.4
                0x000000000800b690       0x29 build/tcp_out.o
 *fill*         0x000000000800b6b9        0x3 
 .rodata.tcp_write.str1.4
                0x000000000800b6bc      0x1f2 build/tcp_out.o
 *fill*         0x000000000800b8ae        0x2 
 .rodata.tcp_split_unsent_seg.str1.4
                0x000000000800b8b0       0x66 build/tcp_out.o
 *fill*         0x000000000800b916        0x2 
 .rodata.tcp_enqueue_flags.str1.4
                0x000000000800b918      0x120 build/tcp_out.o
 .rodata.tcp_send_fin.str1.4
                0x000000000800ba38       0x1a build/tcp_out.o
 *fill*         0x000000000800ba52        0x2 
 .rodata.tcp_rexmit_rto_prepare.str1.4
                0x000000000800ba54       0x24 build/tcp_out.o
 .rodata.tcp_rexmit.str1.4
                0x000000000800ba78       0x18 build/tcp_out.o
 .rodata.tcp_rexmit_fast.str1.4
                0x000000000800ba90       0x1d build/tcp_out.o
 *fill*         0x000000000800baad        0x3 
 .rodata.tcp_rst.str1.4
                0x000000000800bab0       0x37 build/tcp_out.o
 *fill*         0x000000000800bae7        0x1 
 .rodata.tcp_send_empty_ack.str1.4
                0x000000000800bae8       0x20 build/tcp_out.o
 .rodata.tcp_output.str1.4
                0x000000000800bb08       0x57 build/tcp_out.o
 *fill*         0x000000000800bb5f        0x1 
 .rodata.tcp_rexmit_rto_commit.str1.4
                0x000000000800bb60       0x23 build/tcp_out.o
 *fill*         0x000000000800bb83        0x1 
 .rodata.tcp_rexmit_rto.str1.4
                0x000000000800bb84       0x1c build/tcp_out.o
 .rodata.tcp_keepalive.str1.4
                0x000000000800bba0       0x1b build/tcp_out.o
 *fill*         0x000000000800bbbb        0x1 
 .rodata.tcp_zero_window_probe.str1.4
                0x000000000800bbbc       0x23 build/tcp_out.o
 *fill*         0x000000000800bbdf        0x1 
 .rodata.plug_holes.str1.4
                0x000000000800bbe0       0xa6 build/mem.o
                                         0xce (size before relaxing)
 *fill*         0x000000000800bc86        0x2 
 .rodata.mem_free.str1.4
                0x000000000800bc88       0x9a build/mem.o
 *fill*         0x000000000800bd22        0x2 
 .rodata.mem_trim.str1.4
                0x000000000800bd24       0x49 build/mem.o
 *fill*         0x000000000800bd6d        0x3 
 .rodata.mem_malloc.str1.4
                0x000000000800bd70       0x9f build/mem.o
 *fill*         0x000000000800be0f        0x1 
 .rodata.udp_input_local_match.str1.4
                0x000000000800be10       0x75 build/udp.o
                                         0x9d (size before relaxing)
 *fill*         0x000000000800be85        0x3 
 .rodata.udp_input.str1.4
                0x000000000800be88       0x4f build/udp.o
 *fill*         0x000000000800bed7        0x1 
 .rodata.tcp_parseopt.str1.4
                0x000000000800bed8       0x4a build/tcp_in.o
                                         0x74 (size before relaxing)
 *fill*         0x000000000800bf22        0x2 
 .rodata.tcp_input_delayed_close.str1.4
                0x000000000800bf24       0x25 build/tcp_in.o
 *fill*         0x000000000800bf49        0x3 
 .rodata.tcp_timewait_input.str1.4
                0x000000000800bf4c       0x20 build/tcp_in.o
 .rodata.tcp_listen_input.str1.4
                0x000000000800bf6c       0x1e build/tcp_in.o
 *fill*         0x000000000800bf8a        0x2 
 .rodata.tcp_free_acked_segments.str1.4
                0x000000000800bf8c       0x48 build/tcp_in.o
 .rodata.tcp_oos_insert_segment.str1.4
                0x000000000800bfd4       0x25 build/tcp_in.o
 *fill*         0x000000000800bff9        0x3 
 .rodata.tcp_receive.str1.4
                0x000000000800bffc      0x131 build/tcp_in.o
 *fill*         0x000000000800c12d        0x3 
 .rodata.tcp_process.str1.4
                0x000000000800c130       0x86 build/tcp_in.o
 *fill*         0x000000000800c1b6        0x2 
 .rodata.tcp_input.str1.4
                0x000000000800c1b8      0x172 build/tcp_in.o
 *fill*         0x000000000800c32a        0x2 
 .rodata.netif_issue_reports.str1.4
                0x000000000800c32c       0x53 build/netif.o
                                         0x7c (size before relaxing)
 *fill*         0x000000000800c37f        0x1 
 .rodata.netif_do_set_ipaddr.str1.4
                0x000000000800c380       0x10 build/netif.o
 .rodata.netif_add.str1.4
                0x000000000800c390       0x82 build/netif.o
 *fill*         0x000000000800c412        0x2 
 .rodata.netif_set_up.str1.4
                0x000000000800c414       0x1c build/netif.o
 .rodata.netif_set_down.str1.4
                0x000000000800c430       0x1e build/netif.o
 *fill*         0x000000000800c44e        0x2 
 .rodata.netif_set_link_up.str1.4
                0x000000000800c450       0x21 build/netif.o
 *fill*         0x000000000800c471        0x3 
 .rodata.netif_set_link_down.str1.4
                0x000000000800c474       0x23 build/netif.o
 *fill*         0x000000000800c497        0x1 
 .rodata.tcp_remove_listener.str1.4
                0x000000000800c498       0x52 build/tcp.o
                                         0x7c (size before relaxing)
 *fill*         0x000000000800c4ea        0x2 
 .rodata.tcp_listen_closed.str1.4
                0x000000000800c4ec       0x21 build/tcp.o
 *fill*         0x000000000800c50d        0x3 
 .rodata.tcp_free_listen.str1.4
                0x000000000800c510       0x19 build/tcp.o
 *fill*         0x000000000800c529        0x3 
 .rodata.tcp_free.str1.4
                0x000000000800c52c       0x11 build/tcp.o
 *fill*         0x000000000800c53d        0x3 
 .rodata.tcp_bind.str1.4
                0x000000000800c540       0x40 build/tcp.o
 .rodata.tcp_listen_with_backlog_and_err.str1.4
                0x000000000800c580       0x67 build/tcp.o
 *fill*         0x000000000800c5e7        0x1 
 .rodata.tcp_update_rcv_ann_wnd.str1.4
                0x000000000800c5e8       0x3e build/tcp.o
 *fill*         0x000000000800c626        0x2 
 .rodata.tcp_recved.str1.4
                0x000000000800c628       0x3e build/tcp.o
 *fill*         0x000000000800c666        0x2 
 .rodata.tcp_setprio.str1.4
                0x000000000800c668       0x19 build/tcp.o
 *fill*         0x000000000800c681        0x3 
 .rodata.tcp_seg_copy.str1.4
                0x000000000800c684       0x1a build/tcp.o
 *fill*         0x000000000800c69e        0x2 
 .rodata.tcp_recv.str1.4
                0x000000000800c6a0       0x27 build/tcp.o
 *fill*         0x000000000800c6c7        0x1 
 .rodata.tcp_sent.str1.4
                0x000000000800c6c8       0x27 build/tcp.o
 *fill*         0x000000000800c6ef        0x1 
 .rodata.tcp_err.str1.4
                0x000000000800c6f0       0x26 build/tcp.o
 *fill*         0x000000000800c716        0x2 
 .rodata.tcp_poll.str1.4
                0x000000000800c718       0x36 build/tcp.o
 *fill*         0x000000000800c74e        0x2 
 .rodata.tcp_next_iss.str1.4
                0x000000000800c750       0x1a build/tcp.o
 *fill*         0x000000000800c76a        0x2 
 .rodata.tcp_eff_send_mss_netif.str1.4
                0x000000000800c76c       0x27 build/tcp.o
 *fill*         0x000000000800c793        0x1 
 .rodata.tcp_pcb_purge.str1.4
                0x000000000800c794       0x1b build/tcp.o
 *fill*         0x000000000800c7af        0x1 
 .rodata.tcp_pcb_remove.str1.4
                0x000000000800c7b0       0x87 build/tcp.o
 *fill*         0x000000000800c837        0x1 
 .rodata.tcp_abandon.str1.4
                0x000000000800c838       0x4d build/tcp.o
 *fill*         0x000000000800c885        0x3 
 .rodata.tcp_accept_null.str1.4
                0x000000000800c888       0x1d build/tcp.o
 *fill*         0x000000000800c8a5        0x3 
 .rodata.tcp_netif_ip_addr_changed_pcblist.str1.4
                0x000000000800c8a8       0x34 build/tcp.o
 .rodata.tcp_kill_state.str1.4
                0x000000000800c8dc        0xe build/tcp.o
 *fill*         0x000000000800c8ea        0x2 
 .rodata.tcp_close_shutdown.str1.4
                0x000000000800c8ec       0x39 build/tcp.o
 *fill*         0x000000000800c925        0x3 
 .rodata.tcp_close.str1.4
                0x000000000800c928       0x17 build/tcp.o
 *fill*         0x000000000800c93f        0x1 
 .rodata.tcp_recv_null.str1.4
                0x000000000800c940       0x1b build/tcp.o
 *fill*         0x000000000800c95b        0x1 
 .rodata.tcp_process_refused_data.str1.4
                0x000000000800c95c       0x26 build/tcp.o
 *fill*         0x000000000800c982        0x2 
 .rodata.tcp_slowtmr.str1.4
                0x000000000800c984      0x1ca build/tcp.o
 *fill*         0x000000000800cb4e        0x2 
 .rodata.tcp_backoff
                0x000000000800cb50        0xd build/tcp.o
 *fill*         0x000000000800cb5d        0x3 
 .rodata.tcp_pcb_lists
                0x000000000800cb60       0x10 build/tcp.o
                0x000000000800cb60                tcp_pcb_lists
 .rodata.tcp_persist_backoff
                0x000000000800cb70        0x7 build/tcp.o
 *fill*         0x000000000800cb77        0x1 
 .rodata.pbuf_add_header_impl.str1.4
                0x000000000800cb78       0x3a build/pbuf.o
                                         0x64 (size before relaxing)
 *fill*         0x000000000800cbb2        0x2 
 .rodata.pbuf_alloc_reference.str1.4
                0x000000000800cbb4       0x12 build/pbuf.o
 *fill*         0x000000000800cbc6        0x2 
 .rodata.pbuf_remove_header.str1.4
                0x000000000800cbc8       0x1e build/pbuf.o
 *fill*         0x000000000800cbe6        0x2 
 .rodata.pbuf_free.str1.4
                0x000000000800cbe8       0x4e build/pbuf.o
 *fill*         0x000000000800cc36        0x2 
 .rodata.pbuf_alloc.str1.4
                0x000000000800cc38       0xab build/pbuf.o
 *fill*         0x000000000800cce3        0x1 
 .rodata.pbuf_realloc.str1.4
                0x000000000800cce4       0x4c build/pbuf.o
 .rodata.pbuf_ref.str1.4
                0x000000000800cd30       0x12 build/pbuf.o
 *fill*         0x000000000800cd42        0x2 
 .rodata.pbuf_cat.str1.4
                0x000000000800cd44       0x78 build/pbuf.o
 .rodata.pbuf_copy.str1.4
                0x000000000800cdbc       0x9e build/pbuf.o
 *fill*         0x000000000800ce5a        0x2 
 .rodata.pbuf_copy_partial.str1.4
                0x000000000800ce5c       0x43 build/pbuf.o
 *fill*         0x000000000800ce9f        0x1 
 .rodata.pbuf_clone.str1.4
                0x000000000800cea0       0x11 build/pbuf.o
 *fill*         0x000000000800ceb1        0x3 
 .rodata.sys_timeout_abs.str1.4
                0x000000000800ceb4       0x71 build/timeouts.o
                                         0x9c (size before relaxing)
 *fill*         0x000000000800cf25        0x3 
 .rodata.sys_timeout.str1.4
                0x000000000800cf28       0x36 build/timeouts.o
 *fill*         0x000000000800cf5e        0x2 
 .rodata.lwip_cyclic_timers
                0x000000000800cf60       0x18 build/timeouts.o
                0x000000000800cf60                lwip_cyclic_timers
 .rodata.etharp_find_entry.str1.4
                0x000000000800cf78       0xc9 build/etharp.o
                                         0xf1 (size before relaxing)
 *fill*         0x000000000800d041        0x3 
 .rodata.etharp_update_arp_entry.str1.4
                0x000000000800d044       0x24 build/etharp.o
 .rodata.etharp_raw.str1.4
                0x000000000800d068       0x75 build/etharp.o
                                         0x85 (size before relaxing)
 *fill*         0x000000000800d0dd        0x3 
 .rodata.etharp_get_entry.str1.4
                0x000000000800d0e0       0x20 build/etharp.o
 .rodata.etharp_output_to_arp_index.str1.4
                0x000000000800d100       0x30 build/etharp.o
 .rodata.etharp_query.str1.4
                0x000000000800d130       0x5e build/etharp.o
 *fill*         0x000000000800d18e        0x2 
 .rodata.icmp_send_response.str1.4
                0x000000000800d190       0x60 build/icmp.o
                                         0x88 (size before relaxing)
 .rodata.icmp_input.str1.4
                0x000000000800d1f0       0x6a build/icmp.o
 *fill*         0x000000000800d25a        0x2 
 .rodata.ip4_output_if_src.str1.4
                0x000000000800d25c       0x6d build/ip4.o
                                         0x95 (size before relaxing)
 *fill*         0x000000000800d2c9        0x3 
 .rodata.ip_reass_dequeue_datagram.str1.4
                0x000000000800d2cc       0x51 build/ip4_frag.o
                                         0x7c (size before relaxing)
 *fill*         0x000000000800d31d        0x3 
 .rodata.ip_reass_free_complete_datagram.str1.4
                0x000000000800d320       0x62 build/ip4_frag.o
 .rodata.ip_frag_free_pbuf_custom_ref.str1.4
                0x000000000800d382        0xa build/ip4_frag.o
 *fill*         0x000000000800d382        0x2 
 .rodata.ipfrag_free_pbuf_custom.str1.4
                0x000000000800d384        0xc build/ip4_frag.o
 .rodata.ip_reass_chain_frag_into_datagram_and_validate.str1.4
                0x000000000800d390       0x8a build/ip4_frag.o
 *fill*         0x000000000800d41a        0x2 
 .rodata.ip4_reass.str1.4
                0x000000000800d41c       0x48 build/ip4_frag.o
 .rodata.ip4_frag.str1.4
                0x000000000800d464       0x4b build/ip4_frag.o
 *fill*         0x000000000800d4af        0x1 
 .rodata.ip_addr_any
                0x000000000800d4b0        0x4 build/ip4_addr.o
                0x000000000800d4b0                ip_addr_any
 .rodata.tcp_server_handle_input.str1.4
                0x000000000800d4b4        0xc build/lwip_tcp_server.o
 .rodata.tcp_server_recv.str1.4
                0x000000000800d4c0       0x28 build/lwip_tcp_server.o
                                         0x50 (size before relaxing)
 .rodata._global_impure_ptr
                0x000000000800d4e8        0x4 /opt/homebrew/Cellar/arm-none-eabi-gcc/10.3-2021.07/gcc/bin/../lib/gcc/arm-none-eabi/10.3.1/../../../../arm-none-eabi/lib/thumb/v7e-m+dp/hard/libc_nano.a(lib_a-impure.o)
                0x000000000800d4e8                _global_impure_ptr
 .rodata.srand.str1.1
                0x000000000800d4ec       0x71 /opt/homebrew/Cellar/arm-none-eabi-gcc/10.3-2021.07/gcc/bin/../lib/gcc/arm-none-eabi/10.3.1/../../../../arm-none-eabi/lib/thumb/v7e-m+dp/hard/libc_nano.a(lib_a-rand.o)
 .rodata.__assert_func.str1.1
                0x000000000800d55d       0x3c /opt/homebrew/Cellar/arm-none-eabi-gcc/10.3-2021.07/gcc/bin/../lib/gcc/arm-none-eabi/10.3.1/../../../../arm-none-eabi/lib/thumb/v7e-m+dp/hard/libc_nano.a(lib_a-assert.o)
                                         0x3d (size before relaxing)
 *fill*         0x000000000800d599        0x3 
 .rodata.__sf_fake_stderr
                0x000000000800d59c       0x20 /opt/homebrew/Cellar/arm-none-eabi-gcc/10.3-2021.07/gcc/bin/../lib/gcc/arm-none-eabi/10.3.1/../../../../arm-none-eabi/lib/thumb/v7e-m+dp/hard/libc_nano.a(lib_a-findfp.o)
                0x000000000800d59c                __sf_fake_stderr
 .rodata.__sf_fake_stdin
                0x000000000800d5bc       0x20 /opt/homebrew/Cellar/arm-none-eabi-gcc/10.3-2021.07/gcc/bin/../lib/gcc/arm-none-eabi/10.3.1/../../../../arm-none-eabi/lib/thumb/v7e-m+dp/hard/libc_nano.a(lib_a-findfp.o)
                0x000000000800d5bc                __sf_fake_stdin
 .rodata.__sf_fake_stdout
                0x000000000800d5dc       0x20 /opt/homebrew/Cellar/arm-none-eabi-gcc/10.3-2021.07/gcc/bin/../lib/gcc/arm-none-eabi/10.3.1/../../../../arm-none-eabi/lib/thumb/v7e-m+dp/hard/libc_nano.a(lib_a-findfp.o)
                0x000000000800d5dc                __sf_fake_stdout
 .rodata._svfprintf_r.str1.1
                0x000000000800d5fc       0x11 /opt/homebrew/Cellar/arm-none-eabi-gcc/10.3-2021.07/gcc/bin/../lib/gcc/arm-none-eabi/10.3.1/../../../../arm-none-eabi/lib/thumb/v7e-m+dp/hard/libc_nano.a(lib_a-nano-svfprintf.o)
 .rodata._vfprintf_r.str1.1
                0x000000000800d60d       0x11 /opt/homebrew/Cellar/arm-none-eabi-gcc/10.3-2021.07/gcc/bin/../lib/gcc/arm-none-eabi/10.3.1/../../../../arm-none-eabi/lib/thumb/v7e-m+dp/hard/libc_nano.a(lib_a-nano-vfprintf.o)
 .rodata._printf_i.str1.1
                0x000000000800d60d       0x22 /opt/homebrew/Cellar/arm-none-eabi-gcc/10.3-2021.07/gcc/bin/../lib/gcc/arm-none-eabi/10.3.1/../../../../arm-none-eabi/lib/thumb/v7e-m+dp/hard/libc_nano.a(lib_a-nano-vfprintf_i.o)
                0x000000000800d630                . = ALIGN (0x4)
 *fill*         0x000000000800d62f        0x1 

.ARM.extab
 *(.ARM.extab* .gnu.linkonce.armextab.*)

.ARM            0x000000000800d630        0x8
                0x000000000800d630                __exidx_start = .
 *(.ARM.exidx*)
 .ARM.exidx     0x000000000800d630        0x8 /opt/homebrew/Cellar/arm-none-eabi-gcc/10.3-2021.07/gcc/bin/../lib/gcc/arm-none-eabi/10.3.1/thumb/v7e-m+dp/hard/libgcc.a(_udivmoddi4.o)
                0x000000000800d638                __exidx_end = .

.rel.dyn        0x000000000800d638        0x0
 .rel.iplt      0x000000000800d638        0x0 /opt/homebrew/Cellar/arm-none-eabi-gcc/10.3-2021.07/gcc/bin/../lib/gcc/arm-none-eabi/10.3.1/thumb/v7e-m+dp/hard/crtbegin.o

.preinit_array  0x000000000800d638        0x0
                0x000000000800d638                PROVIDE (__preinit_array_start = .)
 *(.preinit_array*)
                0x000000000800d638                PROVIDE (__preinit_array_end = .)

.init_array     0x000000000800d638        0x4
                0x000000000800d638                PROVIDE (__init_array_start = .)
 *(SORT_BY_NAME(.init_array.*))
 *(.init_array*)
 .init_array    0x000000000800d638        0x4 /opt/homebrew/Cellar/arm-none-eabi-gcc/10.3-2021.07/gcc/bin/../lib/gcc/arm-none-eabi/10.3.1/thumb/v7e-m+dp/hard/crtbegin.o
                0x000000000800d63c                PROVIDE (__init_array_end = .)

.fini_array     0x000000000800d63c        0x4
                [!provide]                        PROVIDE (__fini_array_start = .)
 *(SORT_BY_NAME(.fini_array.*))
 *(.fini_array*)
 .fini_array    0x000000000800d63c        0x4 /opt/homebrew/Cellar/arm-none-eabi-gcc/10.3-2021.07/gcc/bin/../lib/gcc/arm-none-eabi/10.3.1/thumb/v7e-m+dp/hard/crtbegin.o
                [!provide]                        PROVIDE (__fini_array_end = .)